Archive member included to satisfy reference by file (symbol)

app/libapp.a(main.c.obj)      (--whole-archive)
zephyr/libzephyr.a(heap.c.obj)
                              (--whole-archive)
zephyr/libzephyr.a(cbprintf_packaged.c.obj)
                              (--whole-archive)
zephyr/libzephyr.a(printk.c.obj)
                              (--whole-archive)
zephyr/libzephyr.a(sem.c.obj)
                              (--whole-archive)
zephyr/libzephyr.a(thread_entry.c.obj)
                              (--whole-archive)
zephyr/libzephyr.a(cbprintf_complete.c.obj)
                              (--whole-archive)
zephyr/libzephyr.a(assert.c.obj)
                              (--whole-archive)
zephyr/libzephyr.a(dec.c.obj)
                              (--whole-archive)
zephyr/libzephyr.a(hex.c.obj)
                              (--whole-archive)
zephyr/libzephyr.a(rb.c.obj)  (--whole-archive)
zephyr/libzephyr.a(timeutil.c.obj)
                              (--whole-archive)
zephyr/libzephyr.a(bitarray.c.obj)
                              (--whole-archive)
zephyr/libzephyr.a(ring_buffer.c.obj)
                              (--whole-archive)
zephyr/libzephyr.a(configs.c.obj)
                              (--whole-archive)
zephyr/libzephyr.a(tracing_none.c.obj)
                              (--whole-archive)
zephyr/arch/arch/x86/core/libarch__x86__core.a(cpuhalt.c.obj)
                              (--whole-archive)
zephyr/arch/arch/x86/core/libarch__x86__core.a(prep_c.c.obj)
                              (--whole-archive)
zephyr/arch/arch/x86/core/libarch__x86__core.a(fatal.c.obj)
                              (--whole-archive)
zephyr/arch/arch/x86/core/libarch__x86__core.a(cpuid.c.obj)
                              (--whole-archive)
zephyr/arch/arch/x86/core/libarch__x86__core.a(spec_ctrl.c.obj)
                              (--whole-archive)
zephyr/arch/arch/x86/core/libarch__x86__core.a(memmap.c.obj)
                              (--whole-archive)
zephyr/arch/arch/x86/core/libarch__x86__core.a(multiboot.c.obj)
                              (--whole-archive)
zephyr/arch/arch/x86/core/libarch__x86__core.a(x86_mmu.c.obj)
                              (--whole-archive)
zephyr/arch/arch/x86/core/libarch__x86__core.a(early_serial.c.obj)
                              (--whole-archive)
zephyr/arch/arch/x86/core/libarch__x86__core.a(tls.c.obj)
                              (--whole-archive)
zephyr/arch/arch/x86/core/libarch__x86__core.a(crt0.S.obj)
                              (--whole-archive)
zephyr/arch/arch/x86/core/libarch__x86__core.a(excstub.S.obj)
                              (--whole-archive)
zephyr/arch/arch/x86/core/libarch__x86__core.a(intstub.S.obj)
                              (--whole-archive)
zephyr/arch/arch/x86/core/libarch__x86__core.a(irq_manage.c.obj)
                              (--whole-archive)
zephyr/arch/arch/x86/core/libarch__x86__core.a(swap.S.obj)
                              (--whole-archive)
zephyr/arch/arch/x86/core/libarch__x86__core.a(thread.c.obj)
                              (--whole-archive)
zephyr/arch/arch/x86/core/libarch__x86__core.a(tls.c.obj)
                              (--whole-archive)
zephyr/arch/arch/x86/core/libarch__x86__core.a(fatal.c.obj)
                              (--whole-archive)
zephyr/arch/arch/x86/core/libarch__x86__core.a(soft_float_stubs.c.obj)
                              (--whole-archive)
zephyr/lib/libc/picolibc/liblib__libc__picolibc.a(assert.c.obj)
                              (--whole-archive)
zephyr/lib/libc/picolibc/liblib__libc__picolibc.a(cbprintf.c.obj)
                              (--whole-archive)
zephyr/lib/libc/picolibc/liblib__libc__picolibc.a(chk_fail.c.obj)
                              (--whole-archive)
zephyr/lib/libc/picolibc/liblib__libc__picolibc.a(errno_wrap.c.obj)
                              (--whole-archive)
zephyr/lib/libc/picolibc/liblib__libc__picolibc.a(exit.c.obj)
                              (--whole-archive)
zephyr/lib/libc/picolibc/liblib__libc__picolibc.a(locks.c.obj)
                              (--whole-archive)
zephyr/lib/libc/picolibc/liblib__libc__picolibc.a(stdio.c.obj)
                              (--whole-archive)
zephyr/lib/libc/common/liblib__libc__common.a(abort.c.obj)
                              (--whole-archive)
zephyr/lib/libc/common/liblib__libc__common.a(malloc.c.obj)
                              (--whole-archive)
zephyr/subsys/random/libsubsys__random.a(random_timer.c.obj)
                              (--whole-archive)
zephyr/subsys/random/libsubsys__random.a(random_test_csprng.c.obj)
                              (--whole-archive)
zephyr/drivers/interrupt_controller/libdrivers__interrupt_controller.a(intc_ioapic.c.obj)
                              (--whole-archive)
zephyr/drivers/interrupt_controller/libdrivers__interrupt_controller.a(intc_loapic.c.obj)
                              (--whole-archive)
[...]
Memory Configuration

Name             Origin             Length             Attributes
RAM              0x0000000000100000 0x0000000001f00000 xw
IDT_LIST         0x00000000ffff1000 0x0000000000000800
*default*        0x0000000000000000 0xffffffffffffffff

Linker script and memory map

                0x00000000001035e1                vfprintf = __l_vfprintf
                0x0000000000000000                vfscanf = __l_vfscanf
LOAD zephyr/CMakeFiles/zephyr_final.dir/misc/empty_file.c.obj
LOAD zephyr/CMakeFiles/offsets.dir/./arch/x86/core/offsets/offsets.c.obj
LOAD zephyr/arch/arch/x86/staticIdt.o
LOAD zephyr/arch/arch/x86/irq_int_vector_map.o
LOAD zephyr/arch/arch/x86/irq_vectors_alloc.o
LOAD zephyr/arch/arch/x86/gdt.o
LOAD zephyr/arch/arch/x86/pagetables.o
LOAD app/libapp.a
LOAD zephyr/libzephyr.a
LOAD zephyr/arch/arch/x86/core/libarch__x86__core.a
LOAD zephyr/lib/libc/picolibc/liblib__libc__picolibc.a
LOAD zephyr/lib/libc/common/liblib__libc__common.a
LOAD zephyr/subsys/random/libsubsys__random.a
LOAD zephyr/drivers/interrupt_controller/libdrivers__interrupt_controller.a
LOAD zephyr/drivers/console/libdrivers__console.a
LOAD zephyr/drivers/serial/libdrivers__serial.a
LOAD zephyr/drivers/timer/libdrivers__timer.a
LOAD zephyr/kernel/libkernel.a
LOAD /home/lpp/zephyr-sdk-0.17.0/x86_64-zephyr-elf/bin/../lib/gcc/../../picolibc/x86_64-zephyr-elf/lib/32/soft-float/libc.a
LOAD /home/lpp/zephyr-sdk-0.17.0/x86_64-zephyr-elf/bin/../lib/gcc/x86_64-zephyr-elf/12.2.0/32/soft-float/libgcc.a
                0x0000000000100000                epoint = (__start - 0x0)

.rel.plt        0x0000000000000000        0x0
 *(SORT_BY_ALIGNMENT(.rel.plt))
                [!provide]                        PROVIDE (__rel_iplt_start = .)
 *(SORT_BY_ALIGNMENT(.rel.iplt))
 .rel.iplt      0x0000000000000000        0x0 zephyr/CMakeFiles/zephyr_final.dir/misc/empty_file.c.obj
                [!provide]                        PROVIDE (__rel_iplt_end = .)

.rela.plt       0x0000000000000000        0x0
 *(SORT_BY_ALIGNMENT(.rela.plt))
                [!provide]                        PROVIDE (__rela_iplt_start = .)
 *(SORT_BY_ALIGNMENT(.rela.iplt))
                [!provide]                        PROVIDE (__rela_iplt_end = .)

.rel.dyn        0x0000000000000000        0x0
 *(SORT_BY_ALIGNMENT(.rel.*))
 .rel.got       0x0000000000000000        0x0 zephyr/CMakeFiles/zephyr_final.dir/misc/empty_file.c.obj
 .rel.text.vprintk
                0x0000000000000000        0x0 zephyr/CMakeFiles/zephyr_final.dir/misc/empty_file.c.obj
 .rel.text.arch_cpu_idle
                0x0000000000000000        0x0 zephyr/CMakeFiles/zephyr_final.dir/misc/empty_file.c.obj
 .rel.text.z_multiboot_init
                0x0000000000000000        0x0 zephyr/CMakeFiles/zephyr_final.dir/misc/empty_file.c.obj
 .rel.text.range_map_unlocked.isra.0
                0x0000000000000000        0x0 zephyr/CMakeFiles/zephyr_final.dir/misc/empty_file.c.obj
 .rel.text.arch_reserved_pages_update
                0x0000000000000000        0x0 zephyr/CMakeFiles/zephyr_final.dir/misc/empty_file.c.obj
 .rel.text.arch_tls_stack_setup
                0x0000000000000000        0x0 zephyr/CMakeFiles/zephyr_final.dir/misc/empty_file.c.obj
 .rel.text.__start
                0x0000000000000000        0x0 zephyr/CMakeFiles/zephyr_final.dir/misc/empty_file.c.obj
 .rel.text.z_x86_tls_update_gdt
                0x0000000000000000        0x0 zephyr/CMakeFiles/zephyr_final.dir/misc/empty_file.c.obj
 .rel.text.z_x86_early_tls_update_gdt
                0x0000000000000000        0x0 zephyr/CMakeFiles/zephyr_final.dir/misc/empty_file.c.obj
 .rel.text.sys_clock_driver_init
                0x0000000000000000        0x0 zephyr/CMakeFiles/zephyr_final.dir/misc/empty_file.c.obj
 .rel.text.z_fatal_error
                0x0000000000000000        0x0 zephyr/CMakeFiles/zephyr_final.dir/misc/empty_file.c.obj
 .rel.text.bg_thread_main
                0x0000000000000000        0x0 zephyr/CMakeFiles/zephyr_final.dir/misc/empty_file.c.obj
 .rel.text.z_bss_zero
                0x0000000000000000        0x0 zephyr/CMakeFiles/zephyr_final.dir/misc/empty_file.c.obj
 .rel.rodata.levels.0
                0x0000000000000000        0x0 zephyr/CMakeFiles/zephyr_final.dir/misc/empty_file.c.obj
 .rel.text.virt_region_free
                0x0000000000000000        0x0 zephyr/CMakeFiles/zephyr_final.dir/misc/empty_file.c.obj
 .rel.text.virt_region_alloc
                0x0000000000000000        0x0 zephyr/CMakeFiles/zephyr_final.dir/misc/empty_file.c.obj
 .rel.text.k_mem_map_phys_bare
                0x0000000000000000        0x0 zephyr/CMakeFiles/zephyr_final.dir/misc/empty_file.c.obj
 .rel.text.z_mem_manage_init
                0x0000000000000000        0x0 zephyr/CMakeFiles/zephyr_final.dir/misc/empty_file.c.obj
 .rel.text.snprintf
                0x0000000000000000        0x0 zephyr/CMakeFiles/zephyr_final.dir/misc/empty_file.c.obj

.rela.dyn
 *(SORT_BY_ALIGNMENT(.rela.*))

/DISCARD/
 *(SORT_BY_ALIGNMENT(.plt))

/DISCARD/
 *(SORT_BY_ALIGNMENT(.iplt))
                0x0000000000000000                . = ALIGN (0x8)

text            0x0000000000100000     0x4000
                0x0000000000100000                __text_region_start = .
                0x0000000000100000                z_mapped_start = .
                0x0000000000100000                __rom_start_address = .
 FILL mask 0x00
                0x0000000000100000                . = (. + (0x0 - (. - __rom_start_address)))
                0x0000000000100000                . = ALIGN (0x4)
 *(SORT_BY_ALIGNMENT(.text.__start))
 .text.__start  0x0000000000100000       0xc8 zephyr/arch/arch/x86/core/libarch__x86__core.a(crt0.S.obj)
                0x0000000000100000                __start
                0x00000000001000c2                z_x86_idt
 *(SORT_BY_ALIGNMENT(.text.irqstubs))
 .text.irqstubs
                0x00000000001000c8        0xc zephyr/drivers/timer/libdrivers__timer.a(hpet.c.obj)
                0x00000000001000c8                hpet_isr_irq2_stub
 *(SORT_BY_ALIGNMENT(.gnu.linkonce.t.exc_*_stub))
 .gnu.linkonce.t.exc_0_stub
                0x00000000001000d4        0xc zephyr/arch/arch/x86/core/libarch__x86__core.a(fatal.c.obj)
                0x00000000001000d4                _handle_exc_0_vector_0_stub
 .gnu.linkonce.t.exc_2_stub
                0x00000000001000e0        0xc zephyr/arch/arch/x86/core/libarch__x86__core.a(fatal.c.obj)
                0x00000000001000e0                _handle_exc_2_vector_2_stub
 .gnu.linkonce.t.exc_4_stub
                0x00000000001000ec        0xc zephyr/arch/arch/x86/core/libarch__x86__core.a(fatal.c.obj)
                0x00000000001000ec                _handle_exc_4_vector_4_stub
 .gnu.linkonce.t.exc_5_stub
                0x00000000001000f8        0xc zephyr/arch/arch/x86/core/libarch__x86__core.a(fatal.c.obj)
                0x00000000001000f8                _handle_exc_5_vector_5_stub
 .gnu.linkonce.t.exc_6_stub
                0x0000000000100104        0xc zephyr/arch/arch/x86/core/libarch__x86__core.a(fatal.c.obj)
                0x0000000000100104                _handle_exc_6_vector_6_stub
 .gnu.linkonce.t.exc_7_stub
                0x0000000000100110        0xc zephyr/arch/arch/x86/core/libarch__x86__core.a(fatal.c.obj)
                0x0000000000100110                _handle_exc_7_vector_7_stub
 .gnu.linkonce.t.exc_8_stub
                0x000000000010011c        0xc zephyr/arch/arch/x86/core/libarch__x86__core.a(fatal.c.obj)
                0x000000000010011c                _handle_exc_8_vector_8_stub
 .gnu.linkonce.t.exc_10_stub
                0x0000000000100128        0xa zephyr/arch/arch/x86/core/libarch__x86__core.a(fatal.c.obj)
                0x0000000000100128                _handle_exc_10_vector_10_stub
 .gnu.linkonce.t.exc_11_stub
                0x0000000000100132        0xa zephyr/arch/arch/x86/core/libarch__x86__core.a(fatal.c.obj)
                0x0000000000100132                _handle_exc_11_vector_11_stub
 .gnu.linkonce.t.exc_12_stub
                0x000000000010013c        0xa zephyr/arch/arch/x86/core/libarch__x86__core.a(fatal.c.obj)
                0x000000000010013c                _handle_exc_12_vector_12_stub
 .gnu.linkonce.t.exc_13_stub
                0x0000000000100146        0xa zephyr/arch/arch/x86/core/libarch__x86__core.a(fatal.c.obj)
                0x0000000000100146                _handle_exc_13_vector_13_stub
 .gnu.linkonce.t.exc_16_stub
                0x0000000000100150        0xc zephyr/arch/arch/x86/core/libarch__x86__core.a(fatal.c.obj)
                0x0000000000100150                _handle_exc_16_vector_16_stub
 .gnu.linkonce.t.exc_17_stub
                0x000000000010015c        0xa zephyr/arch/arch/x86/core/libarch__x86__core.a(fatal.c.obj)
                0x000000000010015c                _handle_exc_17_vector_17_stub
 .gnu.linkonce.t.exc_18_stub
                0x0000000000100166        0xc zephyr/arch/arch/x86/core/libarch__x86__core.a(fatal.c.obj)
                0x0000000000100166                _handle_exc_18_vector_18_stub
 .gnu.linkonce.t.exc_14_stub
                0x0000000000100172        0xa zephyr/arch/arch/x86/core/libarch__x86__core.a(fatal.c.obj)
                0x0000000000100172                _z_x86_page_fault_handler_vector_14_stub
 *(SORT_BY_ALIGNMENT(.text))
 .text          0x000000000010017c       0xf2 /home/lpp/zephyr-sdk-0.17.0/x86_64-zephyr-elf/bin/../lib/gcc/x86_64-zephyr-elf/12.2.0/32/soft-float/libgcc.a(_udivdi3.o)
                0x000000000010017c                __udivdi3
 *(SORT_BY_ALIGNMENT(.text.*))
 .text._OffsetAbsSyms
                0x000000000010026e        0x1 zephyr/CMakeFiles/offsets.dir/./arch/x86/core/offsets/offsets.c.obj
                0x000000000010026e                _OffsetAbsSyms
 .text.main     0x000000000010026f       0x15 app/libapp.a(main.c.obj)
                0x000000000010026f                main
 .text.chunk_field
                0x0000000000100284       0x15 zephyr/libzephyr.a(heap.c.obj)
 .text.chunk_set
                0x0000000000100299       0x1f zephyr/libzephyr.a(heap.c.obj)
 .text.chunk_size
                0x00000000001002b8       0x11 zephyr/libzephyr.a(heap.c.obj)
 .text.set_chunk_used
                0x00000000001002c9       0x3d zephyr/libzephyr.a(heap.c.obj)
 .text.set_chunk_size
                0x0000000000100306       0x13 zephyr/libzephyr.a(heap.c.obj)
 .text.bucket_idx.isra.0
                0x0000000000100319       0x19 zephyr/libzephyr.a(heap.c.obj)
 .text.free_list_add
                0x0000000000100332       0xae zephyr/libzephyr.a(heap.c.obj)
 .text.sys_heap_init
                0x00000000001003e0       0xd9 zephyr/libzephyr.a(heap.c.obj)
                0x00000000001003e0                sys_heap_init
 .text.char_out
                0x00000000001004b9        0x6 zephyr/libzephyr.a(printk.c.obj)
 .text.__printk_hook_install
                0x00000000001004bf        0xd zephyr/libzephyr.a(printk.c.obj)
                0x00000000001004bf                __printk_hook_install
 .text.vprintk  0x00000000001004cc       0x35 zephyr/libzephyr.a(printk.c.obj)
                0x00000000001004cc                vprintk
 .text.printk   0x0000000000100501       0x13 zephyr/libzephyr.a(printk.c.obj)
                0x0000000000100501                printk
 .text.z_thread_entry
                0x0000000000100514       0x32 zephyr/libzephyr.a(thread_entry.c.obj)
                0x0000000000100514                z_thread_entry
 .text.find_and_stack
                0x0000000000100546       0x51 zephyr/libzephyr.a(rb.c.obj)
 .text.stack_left_limb
                0x0000000000100597       0x49 zephyr/libzephyr.a(rb.c.obj)
 .text.set_child
                0x00000000001005e0       0x12 zephyr/libzephyr.a(rb.c.obj)
 .text.rotate   0x00000000001005f2       0xab zephyr/libzephyr.a(rb.c.obj)
 .text.z_rb_get_minmax
                0x000000000010069d       0x27 zephyr/libzephyr.a(rb.c.obj)
                0x000000000010069d                z_rb_get_minmax
 .text.rb_insert
                0x00000000001006c4      0x139 zephyr/libzephyr.a(rb.c.obj)
                0x00000000001006c4                rb_insert
 .text.rb_remove
                0x00000000001007fd      0x38c zephyr/libzephyr.a(rb.c.obj)
                0x00000000001007fd                rb_remove
 .text.z_rb_foreach_next
                0x0000000000100b89       0x72 zephyr/libzephyr.a(rb.c.obj)
                0x0000000000100b89                z_rb_foreach_next
 .text.setup_bundle_data.constprop.0
                0x0000000000100bfb       0x5d zephyr/libzephyr.a(bitarray.c.obj)
 .text.set_region
                0x0000000000100c58       0xb5 zephyr/libzephyr.a(bitarray.c.obj)
 .text.set_clear_region
                0x0000000000100d0d       0x6c zephyr/libzephyr.a(bitarray.c.obj)
 .text.match_region
                0x0000000000100d79       0xc7 zephyr/libzephyr.a(bitarray.c.obj)
 .text.sys_bitarray_alloc
                0x0000000000100e40       0xc6 zephyr/libzephyr.a(bitarray.c.obj)
                0x0000000000100e40                sys_bitarray_alloc
 .text.sys_bitarray_free
                0x0000000000100f06       0x84 zephyr/libzephyr.a(bitarray.c.obj)
                0x0000000000100f06                sys_bitarray_free
 .text.sys_bitarray_set_region
                0x0000000000100f8a       0x19 zephyr/libzephyr.a(bitarray.c.obj)
                0x0000000000100f8a                sys_bitarray_set_region
 .text._ConfigAbsSyms
                0x0000000000100fa3        0x1 zephyr/libzephyr.a(configs.c.obj)
                0x0000000000100fa3                _ConfigAbsSyms
 .text.sys_trace_idle
                0x0000000000100fa4        0x1 zephyr/libzephyr.a(tracing_none.c.obj)
                0x0000000000100fa4                sys_trace_idle
 .text.arch_cpu_idle
                0x0000000000100fa5        0xc zephyr/arch/arch/x86/core/libarch__x86__core.a(cpuhalt.c.obj)
                0x0000000000100fa5                arch_cpu_idle
 .text.z_prep_c
                0x0000000000100fb1       0x3c zephyr/arch/arch/x86/core/libarch__x86__core.a(prep_c.c.obj)
                0x0000000000100fb1                z_prep_c
 .text.print_trace_address
                0x0000000000100fed        0x3 zephyr/arch/arch/x86/core/libarch__x86__core.a(fatal.c.obj)
 .text.arch_system_halt
                0x0000000000100ff0        0x8 zephyr/arch/arch/x86/core/libarch__x86__core.a(fatal.c.obj)
                0x0000000000100ff0                arch_system_halt
 .text.z_x86_check_stack_bounds
                0x0000000000100ff8       0x49 zephyr/arch/arch/x86/core/libarch__x86__core.a(fatal.c.obj)
                0x0000000000100ff8                z_x86_check_stack_bounds
 .text.walk_stackframe.constprop.0
                0x0000000000101041       0x68 zephyr/arch/arch/x86/core/libarch__x86__core.a(fatal.c.obj)
 .text.z_x86_fatal_error
                0x00000000001010a9       0x2b zephyr/arch/arch/x86/core/libarch__x86__core.a(fatal.c.obj)
                0x00000000001010a9                z_x86_fatal_error
 .text.z_x86_unhandled_cpu_exception
                0x00000000001010d4        0xd zephyr/arch/arch/x86/core/libarch__x86__core.a(fatal.c.obj)
                0x00000000001010d4                z_x86_unhandled_cpu_exception
 .text.z_x86_page_fault_handler
                0x00000000001010e1       0x38 zephyr/arch/arch/x86/core/libarch__x86__core.a(fatal.c.obj)
                0x00000000001010e1                z_x86_page_fault_handler
 .text.z_x86_do_kernel_oops
                0x0000000000101119       0x10 zephyr/arch/arch/x86/core/libarch__x86__core.a(fatal.c.obj)
                0x0000000000101119                z_x86_do_kernel_oops
 .text.z_multiboot_init
                0x0000000000101129      0x175 zephyr/arch/arch/x86/core/libarch__x86__core.a(multiboot.c.obj)
                0x0000000000101129                z_multiboot_init
 .text.mark_addr_page_reserved
                0x000000000010129e       0x38 zephyr/arch/arch/x86/core/libarch__x86__core.a(x86_mmu.c.obj)
 .text.str_append
                0x00000000001012d6       0x34 zephyr/arch/arch/x86/core/libarch__x86__core.a(x86_mmu.c.obj)
 .text.range_map_unlocked.isra.0
                0x000000000010130a      0x1ab zephyr/arch/arch/x86/core/libarch__x86__core.a(x86_mmu.c.obj)
 .text.pentry_get
                0x00000000001014b5       0x6e zephyr/arch/arch/x86/core/libarch__x86__core.a(x86_mmu.c.obj)
 .text.z_x86_dump_mmu_flags
                0x0000000000101523      0x12b zephyr/arch/arch/x86/core/libarch__x86__core.a(x86_mmu.c.obj)
                0x0000000000101523                z_x86_dump_mmu_flags
 .text.arch_mem_map
                0x000000000010164e       0x6b zephyr/arch/arch/x86/core/libarch__x86__core.a(x86_mmu.c.obj)
                0x000000000010164e                arch_mem_map
 .text.z_x86_mmu_init
                0x00000000001016b9        0x1 zephyr/arch/arch/x86/core/libarch__x86__core.a(x86_mmu.c.obj)
                0x00000000001016b9                z_x86_mmu_init
 .text.arch_reserved_pages_update
                0x00000000001016ba       0x33 zephyr/arch/arch/x86/core/libarch__x86__core.a(x86_mmu.c.obj)
                0x00000000001016ba                arch_reserved_pages_update
 .text.arch_printk_char_out
                0x00000000001016ed       0x44 zephyr/arch/arch/x86/core/libarch__x86__core.a(early_serial.c.obj)
                0x00000000001016ed                arch_printk_char_out
 .text.z_x86_early_serial_init
                0x0000000000101731       0x5f zephyr/arch/arch/x86/core/libarch__x86__core.a(early_serial.c.obj)
                0x0000000000101731                z_x86_early_serial_init
 .text.arch_tls_stack_setup
                0x0000000000101790       0x3b zephyr/arch/arch/x86/core/libarch__x86__core.a(tls.c.obj)
                0x0000000000101790                arch_tls_stack_setup
 .text._exception_enter
                0x00000000001017cb       0x2c zephyr/arch/arch/x86/core/libarch__x86__core.a(excstub.S.obj)
                0x00000000001017cb                _exception_enter
 .text._kernel_oops_handler
                0x00000000001017f7        0xc zephyr/arch/arch/x86/core/libarch__x86__core.a(excstub.S.obj)
                0x00000000001017f7                _kernel_oops_handler
 .text._interrupt_enter
                0x0000000000101803       0x58 zephyr/arch/arch/x86/core/libarch__x86__core.a(intstub.S.obj)
                0x0000000000101803                _interrupt_enter
 .text.z_SpuriousIntNoErrCodeHandler
                0x000000000010185b        0x2 zephyr/arch/arch/x86/core/libarch__x86__core.a(intstub.S.obj)
                0x000000000010185b                z_SpuriousIntNoErrCodeHandler
 .text.z_SpuriousIntHandler
                0x000000000010185d       0x14 zephyr/arch/arch/x86/core/libarch__x86__core.a(intstub.S.obj)
                0x000000000010185d                z_SpuriousIntHandler
 .text.arch_swap
                0x0000000000101871       0x36 zephyr/arch/arch/x86/core/libarch__x86__core.a(swap.S.obj)
                0x0000000000101871                arch_swap
 .text.z_x86_thread_entry_wrapper
                0x00000000001018a7        0x9 zephyr/arch/arch/x86/core/libarch__x86__core.a(swap.S.obj)
                0x00000000001018a7                z_x86_thread_entry_wrapper
 .text.arch_new_thread
                0x00000000001018b0       0x42 zephyr/arch/arch/x86/core/libarch__x86__core.a(thread.c.obj)
                0x00000000001018b0                arch_new_thread
 .text.z_x86_tls_update_gdt
                0x00000000001018f2       0x22 zephyr/arch/arch/x86/core/libarch__x86__core.a(tls.c.obj)
                0x00000000001018f2                z_x86_tls_update_gdt
 .text.z_x86_early_tls_update_gdt
                0x0000000000101914       0x2f zephyr/arch/arch/x86/core/libarch__x86__core.a(tls.c.obj)
                0x0000000000101914                z_x86_early_tls_update_gdt
 .text.z_x86_spurious_irq
                0x0000000000101943       0x12 zephyr/arch/arch/x86/core/libarch__x86__core.a(fatal.c.obj)
                0x0000000000101943                z_x86_spurious_irq
 .text.handle_exc_0
                0x0000000000101955        0xd zephyr/arch/arch/x86/core/libarch__x86__core.a(fatal.c.obj)
 .text.handle_exc_2
                0x0000000000101962        0xd zephyr/arch/arch/x86/core/libarch__x86__core.a(fatal.c.obj)
 .text.handle_exc_4
                0x000000000010196f        0xd zephyr/arch/arch/x86/core/libarch__x86__core.a(fatal.c.obj)
 .text.handle_exc_5
                0x000000000010197c        0xd zephyr/arch/arch/x86/core/libarch__x86__core.a(fatal.c.obj)
 .text.handle_exc_6
                0x0000000000101989        0xd zephyr/arch/arch/x86/core/libarch__x86__core.a(fatal.c.obj)
 .text.handle_exc_7
                0x0000000000101996        0xd zephyr/arch/arch/x86/core/libarch__x86__core.a(fatal.c.obj)
 .text.handle_exc_8
                0x00000000001019a3        0xd zephyr/arch/arch/x86/core/libarch__x86__core.a(fatal.c.obj)
 .text.handle_exc_10
                0x00000000001019b0        0xd zephyr/arch/arch/x86/core/libarch__x86__core.a(fatal.c.obj)
 .text.handle_exc_11
                0x00000000001019bd        0xd zephyr/arch/arch/x86/core/libarch__x86__core.a(fatal.c.obj)
 .text.handle_exc_12
                0x00000000001019ca        0xd zephyr/arch/arch/x86/core/libarch__x86__core.a(fatal.c.obj)
 .text.handle_exc_13
                0x00000000001019d7        0xd zephyr/arch/arch/x86/core/libarch__x86__core.a(fatal.c.obj)
 .text.handle_exc_16
                0x00000000001019e4        0xd zephyr/arch/arch/x86/core/libarch__x86__core.a(fatal.c.obj)
 .text.handle_exc_17
                0x00000000001019f1        0xd zephyr/arch/arch/x86/core/libarch__x86__core.a(fatal.c.obj)
 .text.handle_exc_18
                0x00000000001019fe        0xd zephyr/arch/arch/x86/core/libarch__x86__core.a(fatal.c.obj)
 .text.z_impl_zephyr_fputc
                0x0000000000101a0b       0x11 zephyr/lib/libc/picolibc/liblib__libc__picolibc.a(stdio.c.obj)
                0x0000000000101a0b                z_impl_zephyr_fputc
 .text.picolibc_put
                0x0000000000101a1c       0x18 zephyr/lib/libc/picolibc/liblib__libc__picolibc.a(stdio.c.obj)
 .text.__stdout_hook_install
                0x0000000000101a34       0x14 zephyr/lib/libc/picolibc/liblib__libc__picolibc.a(stdio.c.obj)
                0x0000000000101a34                __stdout_hook_install
 .text.malloc_prepare
                0x0000000000101a48       0x1e zephyr/lib/libc/common/liblib__libc__common.a(malloc.c.obj)
 .text.__IoApicGet
                0x0000000000101a66       0x1e zephyr/drivers/interrupt_controller/libdrivers__interrupt_controller.a(intc_ioapic.c.obj)
 .text.__IoApicSet
                0x0000000000101a84       0x24 zephyr/drivers/interrupt_controller/libdrivers__interrupt_controller.a(intc_ioapic.c.obj)
 .text.IoApicRedUpdateLo
                0x0000000000101aa8       0x28 zephyr/drivers/interrupt_controller/libdrivers__interrupt_controller.a(intc_ioapic.c.obj)
 .text.ioapic_init
                0x0000000000101ad0       0x6a zephyr/drivers/interrupt_controller/libdrivers__interrupt_controller.a(intc_ioapic.c.obj)
                0x0000000000101ad0                ioapic_init
 .text.z_ioapic_num_rtes
                0x0000000000101b3a        0x6 zephyr/drivers/interrupt_controller/libdrivers__interrupt_controller.a(intc_ioapic.c.obj)
                0x0000000000101b3a                z_ioapic_num_rtes
 .text.z_ioapic_irq_enable
                0x0000000000101b40       0x13 zephyr/drivers/interrupt_controller/libdrivers__interrupt_controller.a(intc_ioapic.c.obj)
                0x0000000000101b40                z_ioapic_irq_enable
 .text.z_ioapic_irq_set
                0x0000000000101b53       0x37 zephyr/drivers/interrupt_controller/libdrivers__interrupt_controller.a(intc_ioapic.c.obj)
                0x0000000000101b53                z_ioapic_irq_set
 .text.loapic_init
                0x0000000000101b8a        0x3 zephyr/drivers/interrupt_controller/libdrivers__interrupt_controller.a(intc_loapic.c.obj)
 .text.z_loapic_enable
                0x0000000000101b8d      0x123 zephyr/drivers/interrupt_controller/libdrivers__interrupt_controller.a(intc_loapic.c.obj)
                0x0000000000101b8d                z_loapic_enable
 .text.z_loapic_irq_base
                0x0000000000101cb0        0x5 zephyr/drivers/interrupt_controller/libdrivers__interrupt_controller.a(intc_loapic.c.obj)
                0x0000000000101cb0                z_loapic_irq_base
 .text.z_loapic_int_vec_set
                0x0000000000101cb5       0x2f zephyr/drivers/interrupt_controller/libdrivers__interrupt_controller.a(intc_loapic.c.obj)
                0x0000000000101cb5                z_loapic_int_vec_set
 .text.z_loapic_irq_enable
                0x0000000000101ce4       0x30 zephyr/drivers/interrupt_controller/libdrivers__interrupt_controller.a(intc_loapic.c.obj)
                0x0000000000101ce4                z_loapic_irq_enable
 .text.z_irq_controller_isr_vector_get
                0x0000000000101d14       0x2d zephyr/drivers/interrupt_controller/libdrivers__interrupt_controller.a(intc_loapic.c.obj)
                0x0000000000101d14                z_irq_controller_isr_vector_get
 .text.z_irq_controller_irq_config
                0x0000000000101d41       0x40 zephyr/drivers/interrupt_controller/libdrivers__interrupt_controller.a(intc_system_apic.c.obj)
                0x0000000000101d41                z_irq_controller_irq_config
 .text.arch_irq_enable
                0x0000000000101d81       0x2b zephyr/drivers/interrupt_controller/libdrivers__interrupt_controller.a(intc_system_apic.c.obj)
                0x0000000000101d81                arch_irq_enable
 .text.uart_console_init
                0x0000000000101dac       0x34 zephyr/drivers/console/libdrivers__console.a(uart_console.c.obj)
 .text.console_out
                0x0000000000101de0       0x33 zephyr/drivers/console/libdrivers__console.a(uart_console.c.obj)
 .text.get_port
                0x0000000000101e13       0x12 zephyr/drivers/serial/libdrivers__serial.a(uart_ns16550.c.obj)
 .text.uart_ns16550_config_get
                0x0000000000101e25       0x2d zephyr/drivers/serial/libdrivers__serial.a(uart_ns16550.c.obj)
 .text.ns16550_outbyte.isra.0
                0x0000000000101e52       0x14 zephyr/drivers/serial/libdrivers__serial.a(uart_ns16550.c.obj)
 .text.ns16550_read_char
                0x0000000000101e66       0x4a zephyr/drivers/serial/libdrivers__serial.a(uart_ns16550.c.obj)
 .text.uart_ns16550_poll_in
                0x0000000000101eb0       0x1c zephyr/drivers/serial/libdrivers__serial.a(uart_ns16550.c.obj)
 .text.uart_ns16550_configure
                0x0000000000101ecc      0x298 zephyr/drivers/serial/libdrivers__serial.a(uart_ns16550.c.obj)
 .text.uart_ns16550_init
                0x0000000000102164       0x37 zephyr/drivers/serial/libdrivers__serial.a(uart_ns16550.c.obj)
 .text.uart_ns16550_poll_out
                0x000000000010219b       0x54 zephyr/drivers/serial/libdrivers__serial.a(uart_ns16550.c.obj)
 .text.uart_ns16550_err_check
                0x00000000001021ef       0x3c zephyr/drivers/serial/libdrivers__serial.a(uart_ns16550.c.obj)
 .text.hpet_counter_get
                0x000000000010222b       0x2a zephyr/drivers/timer/libdrivers__timer.a(hpet.c.obj)
 .text.hpet_isr
                0x0000000000102255       0x9b zephyr/drivers/timer/libdrivers__timer.a(hpet.c.obj)
 .text.hpet_timer_comparator_set_safe
                0x00000000001022f0       0x6c zephyr/drivers/timer/libdrivers__timer.a(hpet.c.obj)
 .text.sys_clock_driver_init
                0x000000000010235c       0xf5 zephyr/drivers/timer/libdrivers__timer.a(hpet.c.obj)
 .text.sys_clock_set_timeout
                0x0000000000102451       0x8c zephyr/drivers/timer/libdrivers__timer.a(hpet.c.obj)
                0x0000000000102451                sys_clock_set_timeout
 .text.sys_clock_elapsed
                0x00000000001024dd       0x40 zephyr/drivers/timer/libdrivers__timer.a(hpet.c.obj)
                0x00000000001024dd                sys_clock_elapsed
 .text.z_device_state_init
                0x000000000010251d        0x1 zephyr/kernel/libkernel.a(device.c.obj)
                0x000000000010251d                z_device_state_init
 .text.z_impl_device_is_ready
                0x000000000010251e       0x24 zephyr/kernel/libkernel.a(device.c.obj)
                0x000000000010251e                z_impl_device_is_ready
 .text.k_sys_fatal_error_handler
                0x0000000000102542        0xb zephyr/kernel/libkernel.a(fatal.c.obj)
                0x0000000000102542                k_sys_fatal_error_handler
 .text.z_fatal_error
                0x000000000010254d       0x32 zephyr/kernel/libkernel.a(fatal.c.obj)
                0x000000000010254d                z_fatal_error
 .text.do_device_init
                0x000000000010257f       0x3b zephyr/kernel/libkernel.a(init.c.obj)
 .text.z_sys_init_run_level
                0x00000000001025ba       0x36 zephyr/kernel/libkernel.a(init.c.obj)
 .text.bg_thread_main
                0x00000000001025f0       0xe9 zephyr/kernel/libkernel.a(init.c.obj)
 .text.z_early_memset
                0x00000000001026d9       0x12 zephyr/kernel/libkernel.a(init.c.obj)
                0x00000000001026d9                z_early_memset
 .text.z_bss_zero
                0x00000000001026eb       0x1f zephyr/kernel/libkernel.a(init.c.obj)
                0x00000000001026eb                z_bss_zero
 .text.z_init_cpu
                0x000000000010270a       0x63 zephyr/kernel/libkernel.a(init.c.obj)
                0x000000000010270a                z_init_cpu
 .text.z_cstart
                0x000000000010276d       0x8f zephyr/kernel/libkernel.a(init.c.obj)
                0x000000000010276d                z_cstart
 .text.z_init_static
                0x00000000001027fc        0x1 zephyr/kernel/libkernel.a(init_static.c.obj)
                0x00000000001027fc                z_init_static
 .text.idle     0x00000000001027fd        0xd zephyr/kernel/libkernel.a(idle.c.obj)
                0x00000000001027fd                idle
 .text.z_setup_new_thread
                0x000000000010280a       0xa0 zephyr/kernel/libkernel.a(thread.c.obj)
                0x000000000010280a                z_setup_new_thread
 .text.z_dummy_thread_init
                0x00000000001028aa       0x1e zephyr/kernel/libkernel.a(thread.c.obj)
                0x00000000001028aa                z_dummy_thread_init
 .text.unpend_thread_no_timeout
                0x00000000001028c8       0x2d zephyr/kernel/libkernel.a(sched.c.obj)
 .text.rb_get_min
                0x00000000001028f5        0xf zephyr/kernel/libkernel.a(sched.c.obj)
 .text.ready_thread
                0x0000000000102904       0xda zephyr/kernel/libkernel.a(sched.c.obj)
 .text.move_thread_to_end_of_prio_q
                0x00000000001029de       0xf9 zephyr/kernel/libkernel.a(sched.c.obj)
                0x00000000001029de                move_thread_to_end_of_prio_q
 .text.z_ready_thread
                0x0000000000102ad7       0x19 zephyr/kernel/libkernel.a(sched.c.obj)
                0x0000000000102ad7                z_ready_thread
 .text.z_sched_wake_thread
                0x0000000000102af0       0x34 zephyr/kernel/libkernel.a(sched.c.obj)
                0x0000000000102af0                z_sched_wake_thread
 .text.z_thread_timeout
                0x0000000000102b24       0x15 zephyr/kernel/libkernel.a(sched.c.obj)
                0x0000000000102b24                z_thread_timeout
 .text.z_reschedule
                0x0000000000102b39       0x2f zephyr/kernel/libkernel.a(sched.c.obj)
                0x0000000000102b39                z_reschedule
 .text.z_reschedule_irqlock
                0x0000000000102b68       0x29 zephyr/kernel/libkernel.a(sched.c.obj)
                0x0000000000102b68                z_reschedule_irqlock
 .text.k_sched_lock
                0x0000000000102b91       0x13 zephyr/kernel/libkernel.a(sched.c.obj)
                0x0000000000102b91                k_sched_lock
 .text.k_sched_unlock
                0x0000000000102ba4       0x62 zephyr/kernel/libkernel.a(sched.c.obj)
                0x0000000000102ba4                k_sched_unlock
 .text.init_ready_q
                0x0000000000102c06       0x1d zephyr/kernel/libkernel.a(sched.c.obj)
                0x0000000000102c06                init_ready_q
 .text.z_sched_init
                0x0000000000102c23       0x10 zephyr/kernel/libkernel.a(sched.c.obj)
                0x0000000000102c23                z_sched_init
 .text.z_impl_k_wakeup
                0x0000000000102c33       0x43 zephyr/kernel/libkernel.a(sched.c.obj)
                0x0000000000102c33                z_impl_k_wakeup
 .text.z_impl_k_sched_current_thread_query
                0x0000000000102c76        0x6 zephyr/kernel/libkernel.a(sched.c.obj)
                0x0000000000102c76                z_impl_k_sched_current_thread_query
 .text.z_thread_abort
                0x0000000000102c7c      0x142 zephyr/kernel/libkernel.a(sched.c.obj)
                0x0000000000102c7c                z_thread_abort
 .text.z_impl_k_thread_abort
                0x0000000000102dbe        0x5 zephyr/kernel/libkernel.a(sched.c.obj)
                0x0000000000102dbe                z_impl_k_thread_abort
 .text.z_priq_rb_lessthan
                0x0000000000102dc3       0x29 zephyr/kernel/libkernel.a(priority_queues.c.obj)
                0x0000000000102dc3                z_priq_rb_lessthan
 .text.slice_timeout
                0x0000000000102dec       0x1d zephyr/kernel/libkernel.a(timeslicing.c.obj)
 .text.thread_is_sliceable
                0x0000000000102e09       0x3f zephyr/kernel/libkernel.a(timeslicing.c.obj)
                0x0000000000102e09                thread_is_sliceable
 .text.z_reset_time_slice
                0x0000000000102e48       0x4e zephyr/kernel/libkernel.a(timeslicing.c.obj)
                0x0000000000102e48                z_reset_time_slice
 .text.z_time_slice
                0x0000000000102e96       0x4b zephyr/kernel/libkernel.a(timeslicing.c.obj)
                0x0000000000102e96                z_time_slice
 .text.first    0x0000000000102ee1        0xf zephyr/kernel/libkernel.a(timeout.c.obj)
 .text.elapsed  0x0000000000102ef0       0x11 zephyr/kernel/libkernel.a(timeout.c.obj)
 .text.next_timeout
                0x0000000000102f01       0x48 zephyr/kernel/libkernel.a(timeout.c.obj)
 .text.remove_timeout
                0x0000000000102f49       0x36 zephyr/kernel/libkernel.a(timeout.c.obj)
 .text.z_add_timeout
                0x0000000000102f7f      0x124 zephyr/kernel/libkernel.a(timeout.c.obj)
                0x0000000000102f7f                z_add_timeout
 .text.z_abort_timeout
                0x00000000001030a3       0x48 zephyr/kernel/libkernel.a(timeout.c.obj)
                0x00000000001030a3                z_abort_timeout
 .text.sys_clock_announce
                0x00000000001030eb       0xd2 zephyr/kernel/libkernel.a(timeout.c.obj)
                0x00000000001030eb                sys_clock_announce
 .text.virt_region_free
                0x00000000001031bd       0x75 zephyr/kernel/libkernel.a(mmu.c.obj)
 .text.free_page_frame_list_put
                0x0000000000103232       0x31 zephyr/kernel/libkernel.a(mmu.c.obj)
 .text.virt_region_alloc
                0x0000000000103263       0xdd zephyr/kernel/libkernel.a(mmu.c.obj)
 .text.virt_region_align
                0x0000000000103340        0x6 zephyr/kernel/libkernel.a(mmu.c.obj)
                0x0000000000103340                arch_virt_region_align
 .text.k_mem_region_align
                0x0000000000103346       0x32 zephyr/kernel/libkernel.a(mmu.c.obj)
                0x0000000000103346                k_mem_region_align
 .text.k_mem_map_phys_bare
                0x0000000000103378       0x76 zephyr/kernel/libkernel.a(mmu.c.obj)
                0x0000000000103378                k_mem_map_phys_bare
 .text.z_mem_manage_init
                0x00000000001033ee       0x77 zephyr/kernel/libkernel.a(mmu.c.obj)
                0x00000000001033ee                z_mem_manage_init
 .text.z_mem_manage_boot_finish
                0x0000000000103465        0x1 zephyr/kernel/libkernel.a(mmu.c.obj)
                0x0000000000103465                z_mem_manage_boot_finish
 .text.boot_banner
                0x0000000000103466       0x10 zephyr/kernel/libkernel.a(banner.c.obj)
                0x0000000000103466                boot_banner
 .text.strnlen  0x0000000000103476       0x1d /home/lpp/zephyr-sdk-0.17.0/x86_64-zephyr-elf/bin/../lib/gcc/../../picolibc/x86_64-zephyr-elf/lib/32/soft-float/libc.a(libc_string_strnlen.c.o)
                0x0000000000103476                strnlen
 .text.snprintf
                0x0000000000103493       0x66 /home/lpp/zephyr-sdk-0.17.0/x86_64-zephyr-elf/bin/../lib/gcc/../../picolibc/x86_64-zephyr-elf/lib/32/soft-float/libc.a(libc_tinystdio_snprintf.c.o)
                0x0000000000103493                snprintf
 .text.__ultoa_invert
                0x00000000001034f9       0xe8 /home/lpp/zephyr-sdk-0.17.0/x86_64-zephyr-elf/bin/../lib/gcc/../../picolibc/x86_64-zephyr-elf/lib/32/soft-float/libc.a(libc_tinystdio_vflprintf.c.o)
 .text.__l_vfprintf
                0x00000000001035e1      0x594 /home/lpp/zephyr-sdk-0.17.0/x86_64-zephyr-elf/bin/../lib/gcc/../../picolibc/x86_64-zephyr-elf/lib/32/soft-float/libc.a(libc_tinystdio_vflprintf.c.o)
                0x00000000001035e1                __l_vfprintf
 .text.__file_str_put
                0x0000000000103b75       0x20 /home/lpp/zephyr-sdk-0.17.0/x86_64-zephyr-elf/bin/../lib/gcc/../../picolibc/x86_64-zephyr-elf/lib/32/soft-float/libc.a(libc_tinystdio_filestrput.c.o)
                0x0000000000103b75                __file_str_put
 *(SORT_BY_ALIGNMENT(.gnu.linkonce.t.*))
 *(.init)
 *(.fini)
 *(SORT_BY_ALIGNMENT(.eini))
                0x0000000000104000                . = ALIGN (0x1000)
 *fill*         0x0000000000103b95      0x46b 00
                0x0000000000104000                __text_region_end = .
                0x0000000000004000                __text_region_size = (__text_region_end - __text_region_start)
                0x0000000000104000                __rodata_region_start = .

initlevel       0x0000000000104000       0x38
                0x0000000000104000                __init_start = .
                0x0000000000104000                __init_EARLY_start = .
 *(SORT_BY_NAME(SORT_BY_ALIGNMENT(.z_init_EARLY_P_?_*)))
 *(SORT_BY_NAME(SORT_BY_ALIGNMENT(.z_init_EARLY_P_??_*)))
 *(SORT_BY_NAME(SORT_BY_ALIGNMENT(.z_init_EARLY_P_???_*)))
                0x0000000000104000                __init_PRE_KERNEL_1_start = .
 *(SORT_BY_NAME(SORT_BY_ALIGNMENT(.z_init_PRE_KERNEL_1_P_?_*)))
 *(SORT_BY_NAME(SORT_BY_ALIGNMENT(.z_init_PRE_KERNEL_1_P_??_*)))
 .z_init_PRE_KERNEL_1_P_40_SUB_00011_
                0x0000000000104000        0x8 zephyr/drivers/interrupt_controller/libdrivers__interrupt_controller.a(intc_loapic.c.obj)
 .z_init_PRE_KERNEL_1_P_40_SUB_00015_
                0x0000000000104008        0x8 zephyr/drivers/interrupt_controller/libdrivers__interrupt_controller.a(intc_ioapic.c.obj)
 .z_init_PRE_KERNEL_1_P_50_SUB_00026_
                0x0000000000104010        0x8 zephyr/drivers/serial/libdrivers__serial.a(uart_ns16550.c.obj)
 .z_init_PRE_KERNEL_1_P_50_SUB_00027_
                0x0000000000104018        0x8 zephyr/drivers/serial/libdrivers__serial.a(uart_ns16550.c.obj)
 .z_init_PRE_KERNEL_1_P_60_SUB_0_
                0x0000000000104020        0x8 zephyr/drivers/console/libdrivers__console.a(uart_console.c.obj)
 *(SORT_BY_NAME(SORT_BY_ALIGNMENT(.z_init_PRE_KERNEL_1_P_???_*)))
                0x0000000000104028                __init_PRE_KERNEL_2_start = .
 *(SORT_BY_NAME(SORT_BY_ALIGNMENT(.z_init_PRE_KERNEL_2_P_?_*)))
 .z_init_PRE_KERNEL_2_P_0_SUB_0_
                0x0000000000104028        0x8 zephyr/drivers/timer/libdrivers__timer.a(hpet.c.obj)
 *(SORT_BY_NAME(SORT_BY_ALIGNMENT(.z_init_PRE_KERNEL_2_P_??_*)))
 *(SORT_BY_NAME(SORT_BY_ALIGNMENT(.z_init_PRE_KERNEL_2_P_???_*)))
                0x0000000000104030                __init_POST_KERNEL_start = .
 *(SORT_BY_NAME(SORT_BY_ALIGNMENT(.z_init_POST_KERNEL_P_?_*)))
 *(SORT_BY_NAME(SORT_BY_ALIGNMENT(.z_init_POST_KERNEL_P_??_*)))
 .z_init_POST_KERNEL_P_35_SUB_0_
                0x0000000000104030        0x8 zephyr/lib/libc/common/liblib__libc__common.a(malloc.c.obj)
 *(SORT_BY_NAME(SORT_BY_ALIGNMENT(.z_init_POST_KERNEL_P_???_*)))
                0x0000000000104038                __init_APPLICATION_start = .
 *(SORT_BY_NAME(SORT_BY_ALIGNMENT(.z_init_APPLICATION_P_?_*)))
 *(SORT_BY_NAME(SORT_BY_ALIGNMENT(.z_init_APPLICATION_P_??_*)))
 *(SORT_BY_NAME(SORT_BY_ALIGNMENT(.z_init_APPLICATION_P_???_*)))
                0x0000000000104038                __init_SMP_start = .
 *(SORT_BY_NAME(SORT_BY_ALIGNMENT(.z_init_SMP_P_?_*)))
 *(SORT_BY_NAME(SORT_BY_ALIGNMENT(.z_init_SMP_P_??_*)))
 *(SORT_BY_NAME(SORT_BY_ALIGNMENT(.z_init_SMP_P_???_*)))
                0x0000000000104038                __init_end = .

device_area     0x0000000000104038       0x80
                0x0000000000104038                _device_list_start = .
 *(SORT_BY_NAME(SORT_BY_ALIGNMENT(._device.static.*_?_*)))
 *(SORT_BY_NAME(SORT_BY_ALIGNMENT(._device.static.*_??_*)))
 ._device.static.1_40_
                0x0000000000104038       0x20 zephyr/drivers/interrupt_controller/libdrivers__interrupt_controller.a(intc_ioapic.c.obj)
                0x0000000000104038                __device_dts_ord_15
 ._device.static.1_40_
                0x0000000000104058       0x20 zephyr/drivers/interrupt_controller/libdrivers__interrupt_controller.a(intc_loapic.c.obj)
                0x0000000000104058                __device_dts_ord_11
 ._device.static.1_50_
                0x0000000000104078       0x40 zephyr/drivers/serial/libdrivers__serial.a(uart_ns16550.c.obj)
                0x0000000000104078                __device_dts_ord_27
                0x0000000000104098                __device_dts_ord_26
 *(SORT_BY_NAME(SORT_BY_ALIGNMENT(._device.static.*_???_*)))
 *(SORT_BY_NAME(SORT_BY_ALIGNMENT(._device.static.*_????_*)))
 *(SORT_BY_NAME(SORT_BY_ALIGNMENT(._device.static.*_?????_*)))
                0x00000000001040b8                _device_list_end = .

initlevel_error
                0x0000000000104000        0x0
 *(SORT_BY_NAME(SORT_BY_ALIGNMENT(.z_init_*)))
                0x0000000000000001                ASSERT ((SIZEOF (initlevel_error) == 0x0), Undefined initialization levels used.)

app_shmem_regions
                0x00000000001040b8        0x0
                0x00000000001040b8                __app_shmem_regions_start = .
 *(SORT_BY_NAME(SORT_BY_ALIGNMENT(.app_regions.*)))
                0x00000000001040b8                __app_shmem_regions_end = .

k_p4wq_initparam_area
                0x00000000001040b8        0x0
                0x00000000001040b8                _k_p4wq_initparam_list_start = .
 *(SORT_BY_NAME(SORT_BY_ALIGNMENT(._k_p4wq_initparam.static.*)))
                0x00000000001040b8                _k_p4wq_initparam_list_end = .

_static_thread_data_area
                0x00000000001040b8        0x0
                0x00000000001040b8                __static_thread_data_list_start = .
 *(SORT_BY_NAME(SORT_BY_ALIGNMENT(.__static_thread_data.static.*)))
                0x00000000001040b8                __static_thread_data_list_end = .

device_deps     0x00000000001040b8        0x0
                0x00000000001040b8                __device_deps_start = .
 *(SORT_BY_NAME(SORT_BY_ALIGNMENT(.__device_deps_pass2*)))
                0x00000000001040b8                __device_deps_end = .

shared_irq_driver_api_area
                0x00000000001040b8        0x0
                0x00000000001040b8                _shared_irq_driver_api_list_start = .
 *(SORT_BY_NAME(SORT_BY_ALIGNMENT(._shared_irq_driver_api.static.*)))
                0x00000000001040b8                _shared_irq_driver_api_list_end = .

crypto_driver_api_area
                0x00000000001040b8        0x0
                0x00000000001040b8                _crypto_driver_api_list_start = .
 *(SORT_BY_NAME(SORT_BY_ALIGNMENT(._crypto_driver_api.static.*)))
                0x00000000001040b8                _crypto_driver_api_list_end = .

adc_driver_api_area
                0x00000000001040b8        0x0
                0x00000000001040b8                _adc_driver_api_list_start = .
 *(SORT_BY_NAME(SORT_BY_ALIGNMENT(._adc_driver_api.static.*)))
                0x00000000001040b8                _adc_driver_api_list_end = .

auxdisplay_driver_api_area
                0x00000000001040b8        0x0
                0x00000000001040b8                _auxdisplay_driver_api_list_start = .
 *(SORT_BY_NAME(SORT_BY_ALIGNMENT(._auxdisplay_driver_api.static.*)))
                0x00000000001040b8                _auxdisplay_driver_api_list_end = .

bbram_driver_api_area
                0x00000000001040b8        0x0
                0x00000000001040b8                _bbram_driver_api_list_start = .
 *(SORT_BY_NAME(SORT_BY_ALIGNMENT(._bbram_driver_api.static.*)))
                0x00000000001040b8                _bbram_driver_api_list_end = .

bt_hci_driver_api_area
                0x00000000001040b8        0x0
                0x00000000001040b8                _bt_hci_driver_api_list_start = .
 *(SORT_BY_NAME(SORT_BY_ALIGNMENT(._bt_hci_driver_api.static.*)))
                0x00000000001040b8                _bt_hci_driver_api_list_end = .

can_driver_api_area
                0x00000000001040b8        0x0
                0x00000000001040b8                _can_driver_api_list_start = .
 *(SORT_BY_NAME(SORT_BY_ALIGNMENT(._can_driver_api.static.*)))
                0x00000000001040b8                _can_driver_api_list_end = .

cellular_driver_api_area
                0x00000000001040b8        0x0
                0x00000000001040b8                _cellular_driver_api_list_start = .
 *(SORT_BY_NAME(SORT_BY_ALIGNMENT(._cellular_driver_api.static.*)))
                0x00000000001040b8                _cellular_driver_api_list_end = .

charger_driver_api_area
                0x00000000001040b8        0x0
                0x00000000001040b8                _charger_driver_api_list_start = .
 *(SORT_BY_NAME(SORT_BY_ALIGNMENT(._charger_driver_api.static.*)))
                0x00000000001040b8                _charger_driver_api_list_end = .

clock_control_driver_api_area
                0x00000000001040b8        0x0
                0x00000000001040b8                _clock_control_driver_api_list_start = .
 *(SORT_BY_NAME(SORT_BY_ALIGNMENT(._clock_control_driver_api.static.*)))
                0x00000000001040b8                _clock_control_driver_api_list_end = .

comparator_driver_api_area
                0x00000000001040b8        0x0
                0x00000000001040b8                _comparator_driver_api_list_start = .
 *(SORT_BY_NAME(SORT_BY_ALIGNMENT(._comparator_driver_api.static.*)))
                0x00000000001040b8                _comparator_driver_api_list_end = .

coredump_driver_api_area
                0x00000000001040b8        0x0
                0x00000000001040b8                _coredump_driver_api_list_start = .
 *(SORT_BY_NAME(SORT_BY_ALIGNMENT(._coredump_driver_api.static.*)))
                0x00000000001040b8                _coredump_driver_api_list_end = .

counter_driver_api_area
                0x00000000001040b8        0x0
                0x00000000001040b8                _counter_driver_api_list_start = .
 *(SORT_BY_NAME(SORT_BY_ALIGNMENT(._counter_driver_api.static.*)))
                0x00000000001040b8                _counter_driver_api_list_end = .

dac_driver_api_area
                0x00000000001040b8        0x0
                0x00000000001040b8                _dac_driver_api_list_start = .
 *(SORT_BY_NAME(SORT_BY_ALIGNMENT(._dac_driver_api.static.*)))
                0x00000000001040b8                _dac_driver_api_list_end = .

dai_driver_api_area
                0x00000000001040b8        0x0
                0x00000000001040b8                _dai_driver_api_list_start = .
 *(SORT_BY_NAME(SORT_BY_ALIGNMENT(._dai_driver_api.static.*)))
                0x00000000001040b8                _dai_driver_api_list_end = .

display_driver_api_area
                0x00000000001040b8        0x0
                0x00000000001040b8                _display_driver_api_list_start = .
 *(SORT_BY_NAME(SORT_BY_ALIGNMENT(._display_driver_api.static.*)))
                0x00000000001040b8                _display_driver_api_list_end = .

dma_driver_api_area
                0x00000000001040b8        0x0
                0x00000000001040b8                _dma_driver_api_list_start = .
 *(SORT_BY_NAME(SORT_BY_ALIGNMENT(._dma_driver_api.static.*)))
                0x00000000001040b8                _dma_driver_api_list_end = .

edac_driver_api_area
                0x00000000001040b8        0x0
                0x00000000001040b8                _edac_driver_api_list_start = .
 *(SORT_BY_NAME(SORT_BY_ALIGNMENT(._edac_driver_api.static.*)))
                0x00000000001040b8                _edac_driver_api_list_end = .

eeprom_driver_api_area
                0x00000000001040b8        0x0
                0x00000000001040b8                _eeprom_driver_api_list_start = .
 *(SORT_BY_NAME(SORT_BY_ALIGNMENT(._eeprom_driver_api.static.*)))
                0x00000000001040b8                _eeprom_driver_api_list_end = .

emul_bbram_driver_api_area
                0x00000000001040b8        0x0
                0x00000000001040b8                _emul_bbram_driver_api_list_start = .
 *(SORT_BY_NAME(SORT_BY_ALIGNMENT(._emul_bbram_driver_api.static.*)))
                0x00000000001040b8                _emul_bbram_driver_api_list_end = .

fuel_gauge_emul_driver_api_area
                0x00000000001040b8        0x0
                0x00000000001040b8                _fuel_gauge_emul_driver_api_list_start = .
 *(SORT_BY_NAME(SORT_BY_ALIGNMENT(._fuel_gauge_emul_driver_api.static.*)))
                0x00000000001040b8                _fuel_gauge_emul_driver_api_list_end = .

emul_sensor_driver_api_area
                0x00000000001040b8        0x0
                0x00000000001040b8                _emul_sensor_driver_api_list_start = .
 *(SORT_BY_NAME(SORT_BY_ALIGNMENT(._emul_sensor_driver_api.static.*)))
                0x00000000001040b8                _emul_sensor_driver_api_list_end = .

entropy_driver_api_area
                0x00000000001040b8        0x0
                0x00000000001040b8                _entropy_driver_api_list_start = .
 *(SORT_BY_NAME(SORT_BY_ALIGNMENT(._entropy_driver_api.static.*)))
                0x00000000001040b8                _entropy_driver_api_list_end = .

espi_driver_api_area
                0x00000000001040b8        0x0
                0x00000000001040b8                _espi_driver_api_list_start = .
 *(SORT_BY_NAME(SORT_BY_ALIGNMENT(._espi_driver_api.static.*)))
                0x00000000001040b8                _espi_driver_api_list_end = .

espi_saf_driver_api_area
                0x00000000001040b8        0x0
                0x00000000001040b8                _espi_saf_driver_api_list_start = .
 *(SORT_BY_NAME(SORT_BY_ALIGNMENT(._espi_saf_driver_api.static.*)))
                0x00000000001040b8                _espi_saf_driver_api_list_end = .

flash_driver_api_area
                0x00000000001040b8        0x0
                0x00000000001040b8                _flash_driver_api_list_start = .
 *(SORT_BY_NAME(SORT_BY_ALIGNMENT(._flash_driver_api.static.*)))
                0x00000000001040b8                _flash_driver_api_list_end = .

fpga_driver_api_area
                0x00000000001040b8        0x0
                0x00000000001040b8                _fpga_driver_api_list_start = .
 *(SORT_BY_NAME(SORT_BY_ALIGNMENT(._fpga_driver_api.static.*)))
                0x00000000001040b8                _fpga_driver_api_list_end = .

fuel_gauge_driver_api_area
                0x00000000001040b8        0x0
                0x00000000001040b8                _fuel_gauge_driver_api_list_start = .
 *(SORT_BY_NAME(SORT_BY_ALIGNMENT(._fuel_gauge_driver_api.static.*)))
                0x00000000001040b8                _fuel_gauge_driver_api_list_end = .

gnss_driver_api_area
                0x00000000001040b8        0x0
                0x00000000001040b8                _gnss_driver_api_list_start = .
 *(SORT_BY_NAME(SORT_BY_ALIGNMENT(._gnss_driver_api.static.*)))
                0x00000000001040b8                _gnss_driver_api_list_end = .

gpio_driver_api_area
                0x00000000001040b8        0x0
                0x00000000001040b8                _gpio_driver_api_list_start = .
 *(SORT_BY_NAME(SORT_BY_ALIGNMENT(._gpio_driver_api.static.*)))
                0x00000000001040b8                _gpio_driver_api_list_end = .

haptics_driver_api_area
                0x00000000001040b8        0x0
                0x00000000001040b8                _haptics_driver_api_list_start = .
 *(SORT_BY_NAME(SORT_BY_ALIGNMENT(._haptics_driver_api.static.*)))
                0x00000000001040b8                _haptics_driver_api_list_end = .

hwspinlock_driver_api_area
                0x00000000001040b8        0x0
                0x00000000001040b8                _hwspinlock_driver_api_list_start = .
 *(SORT_BY_NAME(SORT_BY_ALIGNMENT(._hwspinlock_driver_api.static.*)))
                0x00000000001040b8                _hwspinlock_driver_api_list_end = .

i2c_driver_api_area
                0x00000000001040b8        0x0
                0x00000000001040b8                _i2c_driver_api_list_start = .
 *(SORT_BY_NAME(SORT_BY_ALIGNMENT(._i2c_driver_api.static.*)))
                0x00000000001040b8                _i2c_driver_api_list_end = .

i2c_target_driver_api_area
                0x00000000001040b8        0x0
                0x00000000001040b8                _i2c_target_driver_api_list_start = .
 *(SORT_BY_NAME(SORT_BY_ALIGNMENT(._i2c_target_driver_api.static.*)))
                0x00000000001040b8                _i2c_target_driver_api_list_end = .

i2s_driver_api_area
                0x00000000001040b8        0x0
                0x00000000001040b8                _i2s_driver_api_list_start = .
 *(SORT_BY_NAME(SORT_BY_ALIGNMENT(._i2s_driver_api.static.*)))
                0x00000000001040b8                _i2s_driver_api_list_end = .

i3c_driver_api_area
                0x00000000001040b8        0x0
                0x00000000001040b8                _i3c_driver_api_list_start = .
 *(SORT_BY_NAME(SORT_BY_ALIGNMENT(._i3c_driver_api.static.*)))
                0x00000000001040b8                _i3c_driver_api_list_end = .

ipm_driver_api_area
                0x00000000001040b8        0x0
                0x00000000001040b8                _ipm_driver_api_list_start = .
 *(SORT_BY_NAME(SORT_BY_ALIGNMENT(._ipm_driver_api.static.*)))
                0x00000000001040b8                _ipm_driver_api_list_end = .

led_driver_api_area
                0x00000000001040b8        0x0
                0x00000000001040b8                _led_driver_api_list_start = .
 *(SORT_BY_NAME(SORT_BY_ALIGNMENT(._led_driver_api.static.*)))
                0x00000000001040b8                _led_driver_api_list_end = .

led_strip_driver_api_area
                0x00000000001040b8        0x0
                0x00000000001040b8                _led_strip_driver_api_list_start = .
 *(SORT_BY_NAME(SORT_BY_ALIGNMENT(._led_strip_driver_api.static.*)))
                0x00000000001040b8                _led_strip_driver_api_list_end = .

lora_driver_api_area
                0x00000000001040b8        0x0
                0x00000000001040b8                _lora_driver_api_list_start = .
 *(SORT_BY_NAME(SORT_BY_ALIGNMENT(._lora_driver_api.static.*)))
                0x00000000001040b8                _lora_driver_api_list_end = .

mbox_driver_api_area
                0x00000000001040b8        0x0
                0x00000000001040b8                _mbox_driver_api_list_start = .
 *(SORT_BY_NAME(SORT_BY_ALIGNMENT(._mbox_driver_api.static.*)))
                0x00000000001040b8                _mbox_driver_api_list_end = .

mdio_driver_api_area
                0x00000000001040b8        0x0
                0x00000000001040b8                _mdio_driver_api_list_start = .
 *(SORT_BY_NAME(SORT_BY_ALIGNMENT(._mdio_driver_api.static.*)))
                0x00000000001040b8                _mdio_driver_api_list_end = .

mipi_dbi_driver_api_area
                0x00000000001040b8        0x0
                0x00000000001040b8                _mipi_dbi_driver_api_list_start = .
 *(SORT_BY_NAME(SORT_BY_ALIGNMENT(._mipi_dbi_driver_api.static.*)))
                0x00000000001040b8                _mipi_dbi_driver_api_list_end = .

mipi_dsi_driver_api_area
                0x00000000001040b8        0x0
                0x00000000001040b8                _mipi_dsi_driver_api_list_start = .
 *(SORT_BY_NAME(SORT_BY_ALIGNMENT(._mipi_dsi_driver_api.static.*)))
                0x00000000001040b8                _mipi_dsi_driver_api_list_end = .

mspi_driver_api_area
                0x00000000001040b8        0x0
                0x00000000001040b8                _mspi_driver_api_list_start = .
 *(SORT_BY_NAME(SORT_BY_ALIGNMENT(._mspi_driver_api.static.*)))
                0x00000000001040b8                _mspi_driver_api_list_end = .

peci_driver_api_area
                0x00000000001040b8        0x0
                0x00000000001040b8                _peci_driver_api_list_start = .
 *(SORT_BY_NAME(SORT_BY_ALIGNMENT(._peci_driver_api.static.*)))
                0x00000000001040b8                _peci_driver_api_list_end = .

ps2_driver_api_area
                0x00000000001040b8        0x0
                0x00000000001040b8                _ps2_driver_api_list_start = .
 *(SORT_BY_NAME(SORT_BY_ALIGNMENT(._ps2_driver_api.static.*)))
                0x00000000001040b8                _ps2_driver_api_list_end = .

ptp_clock_driver_api_area
                0x00000000001040b8        0x0
                0x00000000001040b8                _ptp_clock_driver_api_list_start = .
 *(SORT_BY_NAME(SORT_BY_ALIGNMENT(._ptp_clock_driver_api.static.*)))
                0x00000000001040b8                _ptp_clock_driver_api_list_end = .

pwm_driver_api_area
                0x00000000001040b8        0x0
                0x00000000001040b8                _pwm_driver_api_list_start = .
 *(SORT_BY_NAME(SORT_BY_ALIGNMENT(._pwm_driver_api.static.*)))
                0x00000000001040b8                _pwm_driver_api_list_end = .

regulator_parent_driver_api_area
                0x00000000001040b8        0x0
                0x00000000001040b8                _regulator_parent_driver_api_list_start = .
 *(SORT_BY_NAME(SORT_BY_ALIGNMENT(._regulator_parent_driver_api.static.*)))
                0x00000000001040b8                _regulator_parent_driver_api_list_end = .

regulator_driver_api_area
                0x00000000001040b8        0x0
                0x00000000001040b8                _regulator_driver_api_list_start = .
 *(SORT_BY_NAME(SORT_BY_ALIGNMENT(._regulator_driver_api.static.*)))
                0x00000000001040b8                _regulator_driver_api_list_end = .

reset_driver_api_area
                0x00000000001040b8        0x0
                0x00000000001040b8                _reset_driver_api_list_start = .
 *(SORT_BY_NAME(SORT_BY_ALIGNMENT(._reset_driver_api.static.*)))
                0x00000000001040b8                _reset_driver_api_list_end = .

retained_mem_driver_api_area
                0x00000000001040b8        0x0
                0x00000000001040b8                _retained_mem_driver_api_list_start = .
 *(SORT_BY_NAME(SORT_BY_ALIGNMENT(._retained_mem_driver_api.static.*)))
                0x00000000001040b8                _retained_mem_driver_api_list_end = .

rtc_driver_api_area
                0x00000000001040b8        0x0
                0x00000000001040b8                _rtc_driver_api_list_start = .
 *(SORT_BY_NAME(SORT_BY_ALIGNMENT(._rtc_driver_api.static.*)))
                0x00000000001040b8                _rtc_driver_api_list_end = .

sdhc_driver_api_area
                0x00000000001040b8        0x0
                0x00000000001040b8                _sdhc_driver_api_list_start = .
 *(SORT_BY_NAME(SORT_BY_ALIGNMENT(._sdhc_driver_api.static.*)))
                0x00000000001040b8                _sdhc_driver_api_list_end = .

sensor_driver_api_area
                0x00000000001040b8        0x0
                0x00000000001040b8                _sensor_driver_api_list_start = .
 *(SORT_BY_NAME(SORT_BY_ALIGNMENT(._sensor_driver_api.static.*)))
                0x00000000001040b8                _sensor_driver_api_list_end = .

smbus_driver_api_area
                0x00000000001040b8        0x0
                0x00000000001040b8                _smbus_driver_api_list_start = .
 *(SORT_BY_NAME(SORT_BY_ALIGNMENT(._smbus_driver_api.static.*)))
                0x00000000001040b8                _smbus_driver_api_list_end = .

spi_driver_api_area
                0x00000000001040b8        0x0
                0x00000000001040b8                _spi_driver_api_list_start = .
 *(SORT_BY_NAME(SORT_BY_ALIGNMENT(._spi_driver_api.static.*)))
                0x00000000001040b8                _spi_driver_api_list_end = .

stepper_driver_api_area
                0x00000000001040b8        0x0
                0x00000000001040b8                _stepper_driver_api_list_start = .
 *(SORT_BY_NAME(SORT_BY_ALIGNMENT(._stepper_driver_api.static.*)))
                0x00000000001040b8                _stepper_driver_api_list_end = .

syscon_driver_api_area
                0x00000000001040b8        0x0
                0x00000000001040b8                _syscon_driver_api_list_start = .
 *(SORT_BY_NAME(SORT_BY_ALIGNMENT(._syscon_driver_api.static.*)))
                0x00000000001040b8                _syscon_driver_api_list_end = .

tee_driver_api_area
                0x00000000001040b8        0x0
                0x00000000001040b8                _tee_driver_api_list_start = .
 *(SORT_BY_NAME(SORT_BY_ALIGNMENT(._tee_driver_api.static.*)))
                0x00000000001040b8                _tee_driver_api_list_end = .

video_driver_api_area
                0x00000000001040b8        0x0
                0x00000000001040b8                _video_driver_api_list_start = .
 *(SORT_BY_NAME(SORT_BY_ALIGNMENT(._video_driver_api.static.*)))
                0x00000000001040b8                _video_driver_api_list_end = .

w1_driver_api_area
                0x00000000001040b8        0x0
                0x00000000001040b8                _w1_driver_api_list_start = .
 *(SORT_BY_NAME(SORT_BY_ALIGNMENT(._w1_driver_api.static.*)))
                0x00000000001040b8                _w1_driver_api_list_end = .

wdt_driver_api_area
                0x00000000001040b8        0x0
                0x00000000001040b8                _wdt_driver_api_list_start = .
 *(SORT_BY_NAME(SORT_BY_ALIGNMENT(._wdt_driver_api.static.*)))
                0x00000000001040b8                _wdt_driver_api_list_end = .

can_transceiver_driver_api_area
                0x00000000001040b8        0x0
                0x00000000001040b8                _can_transceiver_driver_api_list_start = .
 *(SORT_BY_NAME(SORT_BY_ALIGNMENT(._can_transceiver_driver_api.static.*)))
                0x00000000001040b8                _can_transceiver_driver_api_list_end = .

nrf_clock_control_driver_api_area
                0x00000000001040b8        0x0
                0x00000000001040b8                _nrf_clock_control_driver_api_list_start = .
 *(SORT_BY_NAME(SORT_BY_ALIGNMENT(._nrf_clock_control_driver_api.static.*)))
                0x00000000001040b8                _nrf_clock_control_driver_api_list_end = .

i3c_target_driver_api_area
                0x00000000001040b8        0x0
                0x00000000001040b8                _i3c_target_driver_api_list_start = .
 *(SORT_BY_NAME(SORT_BY_ALIGNMENT(._i3c_target_driver_api.static.*)))
                0x00000000001040b8                _i3c_target_driver_api_list_end = .

its_driver_api_area
                0x00000000001040b8        0x0
                0x00000000001040b8                _its_driver_api_list_start = .
 *(SORT_BY_NAME(SORT_BY_ALIGNMENT(._its_driver_api.static.*)))
                0x00000000001040b8                _its_driver_api_list_end = .

vtd_driver_api_area
                0x00000000001040b8        0x0
                0x00000000001040b8                _vtd_driver_api_list_start = .
 *(SORT_BY_NAME(SORT_BY_ALIGNMENT(._vtd_driver_api.static.*)))
                0x00000000001040b8                _vtd_driver_api_list_end = .

tgpio_driver_api_area
                0x00000000001040b8        0x0
                0x00000000001040b8                _tgpio_driver_api_list_start = .
 *(SORT_BY_NAME(SORT_BY_ALIGNMENT(._tgpio_driver_api.static.*)))
                0x00000000001040b8                _tgpio_driver_api_list_end = .

pcie_ctrl_driver_api_area
                0x00000000001040b8        0x0
                0x00000000001040b8                _pcie_ctrl_driver_api_list_start = .
 *(SORT_BY_NAME(SORT_BY_ALIGNMENT(._pcie_ctrl_driver_api.static.*)))
                0x00000000001040b8                _pcie_ctrl_driver_api_list_end = .

pcie_ep_driver_api_area
                0x00000000001040b8        0x0
                0x00000000001040b8                _pcie_ep_driver_api_list_start = .
 *(SORT_BY_NAME(SORT_BY_ALIGNMENT(._pcie_ep_driver_api.static.*)))
                0x00000000001040b8                _pcie_ep_driver_api_list_end = .

svc_driver_api_area
                0x00000000001040b8        0x0
                0x00000000001040b8                _svc_driver_api_list_start = .
 *(SORT_BY_NAME(SORT_BY_ALIGNMENT(._svc_driver_api.static.*)))
                0x00000000001040b8                _svc_driver_api_list_end = .

uart_driver_api_area
                0x00000000001040b8       0x14
                0x00000000001040b8                _uart_driver_api_list_start = .
 *(SORT_BY_NAME(SORT_BY_ALIGNMENT(._uart_driver_api.static.*)))
 ._uart_driver_api.static.uart_ns16550_driver_api_
                0x00000000001040b8       0x14 zephyr/drivers/serial/libdrivers__serial.a(uart_ns16550.c.obj)
                0x00000000001040cc                _uart_driver_api_list_end = .

bc12_emul_driver_api_area
                0x00000000001040cc        0x0
                0x00000000001040cc                _bc12_emul_driver_api_list_start = .
 *(SORT_BY_NAME(SORT_BY_ALIGNMENT(._bc12_emul_driver_api.static.*)))
                0x00000000001040cc                _bc12_emul_driver_api_list_end = .

bc12_driver_api_area
                0x00000000001040cc        0x0
                0x00000000001040cc                _bc12_driver_api_list_start = .
 *(SORT_BY_NAME(SORT_BY_ALIGNMENT(._bc12_driver_api.static.*)))
                0x00000000001040cc                _bc12_driver_api_list_end = .

usbc_ppc_driver_api_area
                0x00000000001040cc        0x0
                0x00000000001040cc                _usbc_ppc_driver_api_list_start = .
 *(SORT_BY_NAME(SORT_BY_ALIGNMENT(._usbc_ppc_driver_api.static.*)))
                0x00000000001040cc                _usbc_ppc_driver_api_list_end = .

tcpc_driver_api_area
                0x00000000001040cc        0x0
                0x00000000001040cc                _tcpc_driver_api_list_start = .
 *(SORT_BY_NAME(SORT_BY_ALIGNMENT(._tcpc_driver_api.static.*)))
                0x00000000001040cc                _tcpc_driver_api_list_end = .

usbc_vbus_driver_api_area
                0x00000000001040cc        0x0
                0x00000000001040cc                _usbc_vbus_driver_api_list_start = .
 *(SORT_BY_NAME(SORT_BY_ALIGNMENT(._usbc_vbus_driver_api.static.*)))
                0x00000000001040cc                _usbc_vbus_driver_api_list_end = .

ivshmem_driver_api_area
                0x00000000001040cc        0x0
                0x00000000001040cc                _ivshmem_driver_api_list_start = .
 *(SORT_BY_NAME(SORT_BY_ALIGNMENT(._ivshmem_driver_api.static.*)))
                0x00000000001040cc                _ivshmem_driver_api_list_end = .

ethphy_driver_api_area
                0x00000000001040cc        0x0
                0x00000000001040cc                _ethphy_driver_api_list_start = .
 *(SORT_BY_NAME(SORT_BY_ALIGNMENT(._ethphy_driver_api.static.*)))
                0x00000000001040cc                _ethphy_driver_api_list_end = .

ztest           0x00000000001040cc        0x0
                0x00000000001040cc                _ztest_expected_result_entry_list_start = .
 *(SORT_BY_NAME(SORT_BY_ALIGNMENT(._ztest_expected_result_entry.static.*)))
                0x00000000001040cc                _ztest_expected_result_entry_list_end = .
                0x00000000001040cc                _ztest_suite_node_list_start = .
 *(SORT_BY_NAME(SORT_BY_ALIGNMENT(._ztest_suite_node.static.*)))
                0x00000000001040cc                _ztest_suite_node_list_end = .
                0x00000000001040cc                _ztest_unit_test_list_start = .
 *(SORT_BY_NAME(SORT_BY_ALIGNMENT(._ztest_unit_test.static.*)))
                0x00000000001040cc                _ztest_unit_test_list_end = .
                0x00000000001040cc                _ztest_test_rule_list_start = .
 *(SORT_BY_NAME(SORT_BY_ALIGNMENT(._ztest_test_rule.static.*)))
                0x00000000001040cc                _ztest_test_rule_list_end = .

init_array      0x00000000001040cc        0x0
 *(SORT_BY_NAME(SORT_BY_ALIGNMENT(.ctors*)))
 *(SORT_BY_NAME(SORT_BY_ALIGNMENT(.init_array*)))
                0x0000000000000001                ASSERT ((SIZEOF (init_array) == 0x0), GNU-style constructors required but STATIC_INIT_GNU not enabled)

bt_l2cap_fixed_chan_area
                0x00000000001040cc        0x0
                0x00000000001040cc                _bt_l2cap_fixed_chan_list_start = .
 *(SORT_BY_NAME(SORT_BY_ALIGNMENT(._bt_l2cap_fixed_chan.static.*)))
                0x00000000001040cc                _bt_l2cap_fixed_chan_list_end = .

bt_gatt_service_static_area
                0x00000000001040cc        0x0
                0x00000000001040cc                _bt_gatt_service_static_list_start = .
 *(SORT_BY_NAME(SORT_BY_ALIGNMENT(._bt_gatt_service_static.static.*)))
                0x00000000001040cc                _bt_gatt_service_static_list_end = .

log_strings_area
                0x00000000001040cc        0x0
                0x00000000001040cc                _log_strings_list_start = .
 *(SORT_BY_NAME(SORT_BY_ALIGNMENT(._log_strings.static.*)))
                0x00000000001040cc                _log_strings_list_end = .

log_stmesp_ptr_area
                0x00000000001040cc        0x0
                0x00000000001040cc                _log_stmesp_ptr_list_start = .
 *(SORT_BY_NAME(SORT_BY_ALIGNMENT(._log_stmesp_ptr.static.*)))
                0x00000000001040cc                _log_stmesp_ptr_list_end = .

log_stmesp_str_area
                0x00000000001040cc        0x0
                0x00000000001040cc                _log_stmesp_str_list_start = .
 *(SORT_BY_NAME(SORT_BY_ALIGNMENT(._log_stmesp_str.static.*)))
                0x00000000001040cc                _log_stmesp_str_list_end = .

log_const_area  0x00000000001040cc        0x0
                0x00000000001040cc                _log_const_list_start = .
 *(SORT_BY_NAME(SORT_BY_ALIGNMENT(._log_const.static.*)))
                0x00000000001040cc                _log_const_list_end = .

log_backend_area
                0x00000000001040cc        0x0
                0x00000000001040cc                _log_backend_list_start = .
 *(SORT_BY_NAME(SORT_BY_ALIGNMENT(._log_backend.static.*)))
                0x00000000001040cc                _log_backend_list_end = .

log_link_area   0x00000000001040cc        0x0
                0x00000000001040cc                _log_link_list_start = .
 *(SORT_BY_NAME(SORT_BY_ALIGNMENT(._log_link.static.*)))
                0x00000000001040cc                _log_link_list_end = .

tracing_backend_area
                0x00000000001040cc        0x0
                0x00000000001040cc                _tracing_backend_list_start = .
 *(SORT_BY_NAME(SORT_BY_ALIGNMENT(._tracing_backend.static.*)))
                0x00000000001040cc                _tracing_backend_list_end = .

zephyr_dbg_info
 *(SORT_BY_ALIGNMENT(.dbg_thread_info))

intc_table_area
                0x00000000001040cc        0x0
                0x00000000001040cc                _intc_table_list_start = .
 *(SORT_BY_NAME(SORT_BY_ALIGNMENT(._intc_table.static.*)))
                0x00000000001040cc                _intc_table_list_end = .

symbol_to_keep  0x00000000001040cc        0x0
                0x00000000001040cc                __symbol_to_keep_start = .
 *(SORT_BY_NAME(SORT_BY_ALIGNMENT(.symbol_to_keep*)))
                0x00000000001040cc                __symbol_to_keep_end = .

shell_area      0x00000000001040cc        0x0
                0x00000000001040cc                _shell_list_start = .
 *(SORT_BY_NAME(SORT_BY_ALIGNMENT(._shell.static.*)))
                0x00000000001040cc                _shell_list_end = .

shell_root_cmds_area
                0x00000000001040cc        0x0
                0x00000000001040cc                _shell_root_cmds_list_start = .
 *(SORT_BY_NAME(SORT_BY_ALIGNMENT(._shell_root_cmds.static.*)))
                0x00000000001040cc                _shell_root_cmds_list_end = .

shell_subcmds_area
                0x00000000001040cc        0x0
                0x00000000001040cc                _shell_subcmds_list_start = .
 *(SORT_BY_NAME(SORT_BY_ALIGNMENT(._shell_subcmds.static.*)))
                0x00000000001040cc                _shell_subcmds_list_end = .

shell_dynamic_subcmds_area
                0x00000000001040cc        0x0
                0x00000000001040cc                _shell_dynamic_subcmds_list_start = .
 *(SORT_BY_NAME(SORT_BY_ALIGNMENT(._shell_dynamic_subcmds.static.*)))
                0x00000000001040cc                _shell_dynamic_subcmds_list_end = .

cfb_font_area   0x00000000001040cc        0x0
                0x00000000001040cc                _cfb_font_list_start = .
 *(SORT_BY_NAME(SORT_BY_ALIGNMENT(._cfb_font.static.*)))
                0x00000000001040cc                _cfb_font_list_end = .

tdata           0x00000000001040cc        0x0
 *(SORT_BY_ALIGNMENT(.tdata) SORT_BY_ALIGNMENT(.tdata.*) SORT_BY_ALIGNMENT(.gnu.linkonce.td.*))

tbss            0x00000000001040cc        0x4
 *(SORT_BY_ALIGNMENT(.tbss) SORT_BY_ALIGNMENT(.tbss.*) SORT_BY_ALIGNMENT(.gnu.linkonce.tb.*) SORT_BY_ALIGNMENT(.tcommon))
 .tbss.z_tls_current
                0x00000000001040cc        0x4 zephyr/libzephyr.a(thread_entry.c.obj)
                0x00000000001040cc                z_tls_current
                0x00000000001040cc                PROVIDE (__tdata_start = ADDR (tdata))
                0x0000000000000001                PROVIDE (__tdata_align = ALIGNOF (tdata))
                0x0000000000000000                PROVIDE (__tdata_size = (((SIZEOF (tdata) + __tdata_align) - 0x1) & ~ ((__tdata_align - 0x1))))
                [!provide]                        PROVIDE (__tdata_end = (__tdata_start + __tdata_size))
                0x0000000000000004                PROVIDE (__tbss_align = ALIGNOF (tbss))
                [!provide]                        PROVIDE (__tbss_start = ADDR (tbss))
                0x0000000000000004                PROVIDE (__tbss_size = (((SIZEOF (tbss) + __tbss_align) - 0x1) & ~ ((__tbss_align - 0x1))))
                [!provide]                        PROVIDE (__tbss_end = (__tbss_start + __tbss_size))
                [!provide]                        PROVIDE (__tls_start = __tdata_start)
                [!provide]                        PROVIDE (__tls_end = __tbss_end)
                [!provide]                        PROVIDE (__tls_size = (__tbss_end - __tdata_start))

rodata          0x00000000001040e0      0xaa8
 *(SORT_BY_ALIGNMENT(.rodata))
 *(SORT_BY_ALIGNMENT(.rodata.*))
 .rodata.paging_levels
                0x00000000001040e0       0x3c zephyr/arch/arch/x86/core/libarch__x86__core.a(x86_mmu.c.obj)
 *fill*         0x000000000010411c        0x4 
 .rodata._gdt_rom
                0x0000000000104120       0x18 zephyr/arch/arch/x86/core/libarch__x86__core.a(crt0.S.obj)
 .rodata.CSWTCH.15
                0x0000000000104138        0x5 zephyr/arch/arch/x86/core/libarch__x86__core.a(multiboot.c.obj)
 *fill*         0x000000000010413d        0x3 
 .rodata.uart_ns16550_dev_cfg_1
                0x0000000000104140       0x18 zephyr/drivers/serial/libdrivers__serial.a(uart_ns16550.c.obj)
 .rodata.uart_ns16550_dev_cfg_0
                0x0000000000104158       0x18 zephyr/drivers/serial/libdrivers__serial.a(uart_ns16550.c.obj)
 .rodata._k_neg_eagain
                0x0000000000104170        0x4 zephyr/kernel/libkernel.a(errno.c.obj)
                0x0000000000104170                _k_neg_eagain
 .rodata.levels.0
                0x0000000000104174       0x18 zephyr/kernel/libkernel.a(init.c.obj)
 .rodata.__l_vfprintf
                0x000000000010418c       0x90 /home/lpp/zephyr-sdk-0.17.0/x86_64-zephyr-elf/bin/../lib/gcc/../../picolibc/x86_64-zephyr-elf/lib/32/soft-float/libc.a(libc_tinystdio_vflprintf.c.o)
 .rodata.main.str1.1
                0x000000000010421c        0xe app/libapp.a(main.c.obj)
 .rodata.str_append.str1.1
                0x000000000010422a        0x3 zephyr/arch/arch/x86/core/libarch__x86__core.a(x86_mmu.c.obj)
 .rodata.z_x86_dump_mmu_flags.str1.1
                0x000000000010422d       0x1c zephyr/arch/arch/x86/core/libarch__x86__core.a(x86_mmu.c.obj)
                                         0x1f (size before relaxing)
 .rodata.str1.1
                0x0000000000104249        0x8 zephyr/arch/arch/x86/core/libarch__x86__core.a(x86_mmu.c.obj)
                                          0xb (size before relaxing)
 .rodata.z_x86_early_serial_init.str1.1
                0x0000000000104251       0x31 zephyr/arch/arch/x86/core/libarch__x86__core.a(early_serial.c.obj)
 .rodata.str1.1
                0x0000000000104282       0x10 zephyr/drivers/interrupt_controller/libdrivers__interrupt_controller.a(intc_ioapic.c.obj)
 .rodata.str1.1
                0x0000000000104292       0x10 zephyr/drivers/interrupt_controller/libdrivers__interrupt_controller.a(intc_loapic.c.obj)
 .rodata.str1.1
                0x00000000001042a2       0x12 zephyr/drivers/serial/libdrivers__serial.a(uart_ns16550.c.obj)
 .rodata.z_cstart.str1.1
                0x00000000001042b4        0x5 zephyr/kernel/libkernel.a(init.c.obj)
 .rodata.boot_banner.str1.1
                0x00000000001042b9       0x3b zephyr/kernel/libkernel.a(banner.c.obj)
 .rodata.__l_vfprintf.str1.1
                0x00000000001042f4        0xf /home/lpp/zephyr-sdk-0.17.0/x86_64-zephyr-elf/bin/../lib/gcc/../../picolibc/x86_64-zephyr-elf/lib/32/soft-float/libc.a(libc_tinystdio_vflprintf.c.o)
 *(SORT_BY_ALIGNMENT(.gnu.linkonce.r.*))
                0x0000000000104308                . = ALIGN (0x8)
 *fill*         0x0000000000104303        0x5 
                0x0000000000104308                _idt_base_address = .
 *(SORT_BY_ALIGNMENT(staticIdt))
 staticIdt      0x0000000000104308      0x800 zephyr/arch/arch/x86/staticIdt.o
                0x0000000000104308                _binary_staticIdt_bin_start
                0x0000000000104b08                _binary_staticIdt_bin_end
                0x0000000000104b08                . = ALIGN (0x4)
                0x0000000000104b08                _irq_to_interrupt_vector = .
 *(SORT_BY_ALIGNMENT(irq_int_vector_map))
 irq_int_vector_map
                0x0000000000104b08       0x80 zephyr/arch/arch/x86/irq_int_vector_map.o
                0x0000000000104b08                _binary_irq_int_vector_map_bin_start
                0x0000000000104b88                _binary_irq_int_vector_map_bin_end
                0x0000000000105000                . = ALIGN (0x1000)
                0x0000000000105000                __rodata_region_end = .
                0x0000000000001000                __rodata_region_size = (__rodata_region_end - __rodata_region_start)

/DISCARD/
 *(SORT_BY_ALIGNMENT(.got.plt))
 *(SORT_BY_ALIGNMENT(.igot.plt))
 *(SORT_BY_ALIGNMENT(.got))
 *(SORT_BY_ALIGNMENT(.igot))

datas           0x0000000000104ba0      0x9d0
                0x0000000000105000                . = ALIGN (0x1000)
 *fill*         0x0000000000104ba0      0x460 
                0x0000000000105000                __data_region_start = .
                0x0000000000105000                __data_start = .
 *(SORT_BY_ALIGNMENT(.data))
 *(SORT_BY_ALIGNMENT(.data.*))
 .data.x86_memmap
                0x0000000000105000      0x500 zephyr/arch/arch/x86/core/libarch__x86__core.a(memmap.c.obj)
                0x0000000000105000                x86_memmap
 .data._char_out
                0x0000000000105500        0x4 zephyr/libzephyr.a(printk.c.obj)
 .data.__stdout
                0x0000000000105504       0x10 zephyr/lib/libc/picolibc/liblib__libc__picolibc.a(stdio.c.obj)
 .data.uart_ns16550_dev_data_1
                0x0000000000105514       0x10 zephyr/drivers/serial/libdrivers__serial.a(uart_ns16550.c.obj)
 .data.uart_ns16550_dev_data_0
                0x0000000000105524       0x10 zephyr/drivers/serial/libdrivers__serial.a(uart_ns16550.c.obj)
 .data.z_clock_hw_cycles_per_sec
                0x0000000000105534        0x4 zephyr/kernel/libkernel.a(timeout.c.obj)
                0x0000000000105534                z_clock_hw_cycles_per_sec
 .data.timeout_list
                0x0000000000105538        0x8 zephyr/kernel/libkernel.a(timeout.c.obj)
 .data.virt_region_bitmap
                0x0000000000105540        0xc zephyr/kernel/libkernel.a(mmu.c.obj)
 *(SORT_BY_ALIGNMENT(.kernel.*))
 *(SORT_BY_ALIGNMENT(.tss))
                0x0000000000105550                . = ALIGN (0x8)
 *fill*         0x000000000010554c        0x4 
                0x0000000000105550                _gdt = .
 *(SORT_BY_ALIGNMENT(gdt))
 gdt            0x0000000000105550       0x20 zephyr/arch/arch/x86/gdt.o
                0x0000000000105550                _binary_gdt_bin_start
                0x0000000000105570                _binary_gdt_bin_end
                0x0000000000105570                . = (. + 0x0)
                0x0000000000105570                . = ALIGN (0x4)
                0x0000000000105570                __data_end = .
                0x0000000000000570                __data_size = (__data_end - __data_start)
                0x0000000000104ba0                __data_load_start = LOADADDR (datas)
                0x0000000000104ba0                __data_region_load_start = LOADADDR (datas)

device_states   0x0000000000105570        0x8
                0x0000000000105570                __device_states_start = .
 *(SORT_BY_ALIGNMENT(.z_devstate))
 .z_devstate    0x0000000000105570        0x2 zephyr/drivers/interrupt_controller/libdrivers__interrupt_controller.a(intc_ioapic.c.obj)
 .z_devstate    0x0000000000105572        0x2 zephyr/drivers/interrupt_controller/libdrivers__interrupt_controller.a(intc_loapic.c.obj)
 .z_devstate    0x0000000000105574        0x4 zephyr/drivers/serial/libdrivers__serial.a(uart_ns16550.c.obj)
 *(SORT_BY_ALIGNMENT(.z_devstate.*))
                0x0000000000105578                __device_states_end = .

log_mpsc_pbuf_area
                0x0000000000105578        0x0
                0x0000000000105578                _log_mpsc_pbuf_list_start = .
 *(SORT_BY_NAME(SORT_BY_ALIGNMENT(._log_mpsc_pbuf.static.*)))
                0x0000000000105578                _log_mpsc_pbuf_list_end = .

log_msg_ptr_area
                0x0000000000105578        0x0
                0x0000000000105578                _log_msg_ptr_list_start = .
 *(SORT_BY_NAME(SORT_BY_ALIGNMENT(._log_msg_ptr.static.*)))
                0x0000000000105578                _log_msg_ptr_list_end = .

log_dynamic_area
                0x0000000000105578        0x0
                0x0000000000105578                _log_dynamic_list_start = .
 *(SORT_BY_NAME(SORT_BY_ALIGNMENT(._log_dynamic.static.*)))
                0x0000000000105578                _log_dynamic_list_end = .

k_timer_area    0x0000000000105578        0x0
                0x0000000000105578                _k_timer_list_start = .
 *(SORT_BY_NAME(SORT_BY_ALIGNMENT(._k_timer.static.*)))
                0x0000000000105578                _k_timer_list_end = .

k_mem_slab_area
                0x0000000000105578        0x0
                0x0000000000105578                _k_mem_slab_list_start = .
 *(SORT_BY_NAME(SORT_BY_ALIGNMENT(._k_mem_slab.static.*)))
                0x0000000000105578                _k_mem_slab_list_end = .

k_heap_area     0x0000000000105578        0x0
                0x0000000000105578                _k_heap_list_start = .
 *(SORT_BY_NAME(SORT_BY_ALIGNMENT(._k_heap.static.*)))
                0x0000000000105578                _k_heap_list_end = .

k_mutex_area    0x0000000000105578        0x0
                0x0000000000105578                _k_mutex_list_start = .
 *(SORT_BY_NAME(SORT_BY_ALIGNMENT(._k_mutex.static.*)))
                0x0000000000105578                _k_mutex_list_end = .

k_stack_area    0x0000000000105578        0x0
                0x0000000000105578                _k_stack_list_start = .
 *(SORT_BY_NAME(SORT_BY_ALIGNMENT(._k_stack.static.*)))
                0x0000000000105578                _k_stack_list_end = .

k_msgq_area     0x0000000000105578        0x0
                0x0000000000105578                _k_msgq_list_start = .
 *(SORT_BY_NAME(SORT_BY_ALIGNMENT(._k_msgq.static.*)))
                0x0000000000105578                _k_msgq_list_end = .

k_mbox_area     0x0000000000105578        0x0
                0x0000000000105578                _k_mbox_list_start = .
 *(SORT_BY_NAME(SORT_BY_ALIGNMENT(._k_mbox.static.*)))
                0x0000000000105578                _k_mbox_list_end = .

k_pipe_area     0x0000000000105578        0x0
                0x0000000000105578                _k_pipe_list_start = .
 *(SORT_BY_NAME(SORT_BY_ALIGNMENT(._k_pipe.static.*)))
                0x0000000000105578                _k_pipe_list_end = .

k_sem_area      0x0000000000105578        0x0
                0x0000000000105578                _k_sem_list_start = .
 *(SORT_BY_NAME(SORT_BY_ALIGNMENT(._k_sem.static.*)))
                0x0000000000105578                _k_sem_list_end = .

k_event_area    0x0000000000105578        0x0
                0x0000000000105578                _k_event_list_start = .
 *(SORT_BY_NAME(SORT_BY_ALIGNMENT(._k_event.static.*)))
                0x0000000000105578                _k_event_list_end = .

k_queue_area    0x0000000000105578        0x0
                0x0000000000105578                _k_queue_list_start = .
 *(SORT_BY_NAME(SORT_BY_ALIGNMENT(._k_queue.static.*)))
                0x0000000000105578                _k_queue_list_end = .

k_fifo_area     0x0000000000105578        0x0
                0x0000000000105578                _k_fifo_list_start = .
 *(SORT_BY_NAME(SORT_BY_ALIGNMENT(._k_fifo.static.*)))
                0x0000000000105578                _k_fifo_list_end = .

k_lifo_area     0x0000000000105578        0x0
                0x0000000000105578                _k_lifo_list_start = .
 *(SORT_BY_NAME(SORT_BY_ALIGNMENT(._k_lifo.static.*)))
                0x0000000000105578                _k_lifo_list_end = .

k_condvar_area  0x0000000000105578        0x0
                0x0000000000105578                _k_condvar_list_start = .
 *(SORT_BY_NAME(SORT_BY_ALIGNMENT(._k_condvar.static.*)))
                0x0000000000105578                _k_condvar_list_end = .

sys_mem_blocks_ptr_area
                0x0000000000105578        0x0
                0x0000000000105578                _sys_mem_blocks_ptr_list_start = .
 *(SORT_BY_NAME(SORT_BY_ALIGNMENT(._sys_mem_blocks_ptr.static.*)))
                0x0000000000105578                _sys_mem_blocks_ptr_list_end = .

net_buf_pool_area
                0x0000000000105578        0x0
                0x0000000000105578                _net_buf_pool_list_start = .
 *(SORT_BY_NAME(SORT_BY_ALIGNMENT(._net_buf_pool.static.*)))
                0x0000000000105578                _net_buf_pool_list_end = .

pagetables      0x0000000000105578     0x5aa8
                0x0000000000106000                . = ALIGN (0x1000)
 *fill*         0x0000000000105578      0xa88 
                0x0000000000106000                z_x86_pagetables_start = .
 *(SORT_BY_ALIGNMENT(pagetables))
 pagetables     0x0000000000106000     0x5020 zephyr/arch/arch/x86/pagetables.o
                0x0000000000106000                _binary_pagetables_bin_start
                0x000000000010b020                _binary_pagetables_bin_end
                0x000000000010b000                z_x86_kernel_ptables = (. - 0x20)

/DISCARD/
 *(SORT_BY_ALIGNMENT(.dummy_pagetables))
                0x000000000010c000                . = ALIGN (0x1000)
                0x000000000010c000                __data_region_end = .

bss             0x000000000010b020     0x9340
                0x000000000010c000                . = ALIGN (0x1000)
 *fill*         0x000000000010b020      0xfe0 
                0x000000000010c000                _image_ram_start = .
                0x000000000010c000                . = ALIGN (0x4)
                0x000000000010c000                __kernel_ram_start = .
                0x000000000010c000                __bss_start = .
 *(SORT_BY_ALIGNMENT(.bss))
 *(SORT_BY_ALIGNMENT(.bss.*))
 .bss.multiboot_info
                0x000000000010c000       0x74 zephyr/arch/arch/x86/core/libarch__x86__core.a(multiboot.c.obj)
                0x000000000010c000                multiboot_info
 *fill*         0x000000000010c074        0xc 
 .bss.z_idle_threads
                0x000000000010c080       0x5c zephyr/kernel/libkernel.a(init.c.obj)
                0x000000000010c080                z_idle_threads
 *fill*         0x000000000010c0dc        0x4 
 .bss.z_main_thread
                0x000000000010c0e0       0x5c zephyr/kernel/libkernel.a(init.c.obj)
                0x000000000010c0e0                z_main_thread
 *fill*         0x000000000010c13c        0x4 
 .bss._kernel   0x000000000010c140       0x28 zephyr/kernel/libkernel.a(init.c.obj)
                0x000000000010c140                _kernel
 *fill*         0x000000000010c168       0x18 
 .bss._thread_dummy
                0x000000000010c180       0x5c zephyr/kernel/libkernel.a(sched.c.obj)
                0x000000000010c180                _thread_dummy
 *fill*         0x000000000010c1dc        0x4 
 .bss._sys_bitarray_bundles_virt_region_bitmap
                0x000000000010c1e0      0x100 zephyr/kernel/libkernel.a(mmu.c.obj)
 .bss.k_mem_page_frames
                0x000000000010c2e0     0x8000 zephyr/kernel/libkernel.a(mmu.c.obj)
                0x000000000010c2e0                k_mem_page_frames
 .bss.last_tick
                0x00000000001142e0        0x8 zephyr/drivers/timer/libdrivers__timer.a(hpet.c.obj)
 .bss.last_count
                0x00000000001142e8        0x8 zephyr/drivers/timer/libdrivers__timer.a(hpet.c.obj)
 .bss.curr_tick
                0x00000000001142f0        0x8 zephyr/kernel/libkernel.a(timeout.c.obj)
 .bss.x86_cpu_boot_arg
                0x00000000001142f8        0x8 zephyr/arch/arch/x86/core/libarch__x86__core.a(prep_c.c.obj)
                0x00000000001142f8                x86_cpu_boot_arg
 .bss.x86_memmap_source
                0x0000000000114300        0x4 zephyr/arch/arch/x86/core/libarch__x86__core.a(memmap.c.obj)
                0x0000000000114300                x86_memmap_source
 .bss.suppressed_chars
                0x0000000000114304        0x4 zephyr/arch/arch/x86/core/libarch__x86__core.a(early_serial.c.obj)
 .bss._stdout_hook
                0x0000000000114308        0x4 zephyr/lib/libc/picolibc/liblib__libc__picolibc.a(stdio.c.obj)
 .bss.z_malloc_heap
                0x000000000011430c        0xc zephyr/lib/libc/common/liblib__libc__common.a(malloc.c.obj)
 .bss.ioapic_rtes
                0x0000000000114318        0x4 zephyr/drivers/interrupt_controller/libdrivers__interrupt_controller.a(intc_ioapic.c.obj)
 .bss.z_mmio_ram__ioapic_regs
                0x000000000011431c        0x4 zephyr/drivers/interrupt_controller/libdrivers__interrupt_controller.a(intc_ioapic.c.obj)
 .bss.z_mmio_ram__loapic_regs
                0x0000000000114320        0x4 zephyr/drivers/interrupt_controller/libdrivers__interrupt_controller.a(intc_loapic.c.obj)
                0x0000000000114320                z_mmio_ram__loapic_regs
 .bss.cyc_per_tick
                0x0000000000114324        0x4 zephyr/drivers/timer/libdrivers__timer.a(hpet.c.obj)
 .bss.last_elapsed
                0x0000000000114328        0x4 zephyr/drivers/timer/libdrivers__timer.a(hpet.c.obj)
 .bss.z_mmio_ram__hpet_regs
                0x000000000011432c        0x4 zephyr/drivers/timer/libdrivers__timer.a(hpet.c.obj)
 .bss.slice_timeouts
                0x0000000000114330       0x14 zephyr/kernel/libkernel.a(timeslicing.c.obj)
 .bss.slice_max_prio
                0x0000000000114344        0x4 zephyr/kernel/libkernel.a(timeslicing.c.obj)
 .bss.slice_ticks
                0x0000000000114348        0x4 zephyr/kernel/libkernel.a(timeslicing.c.obj)
 .bss.announce_remaining
                0x000000000011434c        0x4 zephyr/kernel/libkernel.a(timeout.c.obj)
 .bss.z_free_page_count
                0x0000000000114350        0x4 zephyr/kernel/libkernel.a(mmu.c.obj)
 .bss.free_page_frame_list
                0x0000000000114354        0x8 zephyr/kernel/libkernel.a(mmu.c.obj)
 .bss.early_serial_init_done
                0x000000000011435c        0x1 zephyr/arch/arch/x86/core/libarch__x86__core.a(early_serial.c.obj)
 .bss.z_sys_post_kernel
                0x000000000011435d        0x1 zephyr/kernel/libkernel.a(init.c.obj)
                0x000000000011435d                z_sys_post_kernel
 .bss._sched_spinlock
                0x000000000011435e        0x0 zephyr/kernel/libkernel.a(sched.c.obj)
                0x000000000011435e                _sched_spinlock
 .bss.slice_expired
                0x000000000011435e        0x1 zephyr/kernel/libkernel.a(timeslicing.c.obj)
 .bss.virt_region_inited
                0x000000000011435f        0x1 zephyr/kernel/libkernel.a(mmu.c.obj)
 *(SORT_BY_ALIGNMENT(COMMON))
 *(SORT_BY_ALIGNMENT(.kernel_bss.*))
                0x0000000000114360                . = ALIGN (0x4)
                0x0000000000114360                __bss_end = .
                0x00000000000020d8                __bss_num_words = ((__bss_end - __bss_start) >> 0x2)

noinit          0x0000000000114360     0x4d40
 *(SORT_BY_ALIGNMENT(.noinit))
 *(SORT_BY_ALIGNMENT(.noinit.*))
 .noinit."WEST_TOPDIR/zephyr/lib/libc/common/source/stdlib/malloc.c".0
                0x0000000000114360     0x4000 zephyr/lib/libc/common/liblib__libc__common.a(malloc.c.obj)
 .noinit."WEST_TOPDIR/zephyr/kernel/init.c".2